C:/Users/Jeff/Documents/Winter-2025/MIE438/Project/BLE_p2pServer/cmake/stm32cubemx/../../Drivers/STM32WBxx_HAL_Driver/Inc/stm32wbxx_ll_rcc.h:1679:22:LL_RCC_LSE_SetDriveCapability	16	static
C:/Users/Jeff/Documents/Winter-2025/MIE438/Project/BLE_p2pServer/cmake/stm32cubemx/../../Drivers/STM32WBxx_HAL_Driver/Inc/stm32wbxx_ll_bus.h:364:22:LL_AHB1_GRP1_EnableClock	24	static
C:/Users/Jeff/Documents/Winter-2025/MIE438/Project/BLE_p2pServer/cmake/stm32cubemx/../../Drivers/STM32WBxx_HAL_Driver/Inc/stm32wbxx_ll_bus.h:539:22:LL_AHB2_GRP1_EnableClock	24	static
C:/Users/Jeff/Documents/Winter-2025/MIE438/Project/BLE_p2pServer/Core/Src/main.c:114:5:main	56	static
C:/Users/Jeff/Documents/Winter-2025/MIE438/Project/BLE_p2pServer/Core/Src/main.c:187:6:SystemClock_Config	112	static
C:/Users/Jeff/Documents/Winter-2025/MIE438/Project/BLE_p2pServer/Core/Src/main.c:239:6:PeriphCommonClock_Config	88	static
C:/Users/Jeff/Documents/Winter-2025/MIE438/Project/BLE_p2pServer/Core/Src/main.c:264:13:MX_IPCC_Init	8	static
C:/Users/Jeff/Documents/Winter-2025/MIE438/Project/BLE_p2pServer/Core/Src/main.c:290:6:MX_LPUART1_UART_Init	8	static
C:/Users/Jeff/Documents/Winter-2025/MIE438/Project/BLE_p2pServer/Core/Src/main.c:338:6:MX_USART1_UART_Init	8	static
C:/Users/Jeff/Documents/Winter-2025/MIE438/Project/BLE_p2pServer/Core/Src/main.c:386:13:MX_RF_Init	4	static
C:/Users/Jeff/Documents/Winter-2025/MIE438/Project/BLE_p2pServer/Core/Src/main.c:407:13:MX_RNG_Init	8	static
C:/Users/Jeff/Documents/Winter-2025/MIE438/Project/BLE_p2pServer/Core/Src/main.c:434:13:MX_RTC_Init	8	static
C:/Users/Jeff/Documents/Winter-2025/MIE438/Project/BLE_p2pServer/Core/Src/main.c:477:13:MX_TIM1_Init	104	static
C:/Users/Jeff/Documents/Winter-2025/MIE438/Project/BLE_p2pServer/Core/Src/main.c:551:13:MX_DMA_Init	8	static
C:/Users/Jeff/Documents/Winter-2025/MIE438/Project/BLE_p2pServer/Core/Src/main.c:574:13:MX_GPIO_Init	32	static
C:/Users/Jeff/Documents/Winter-2025/MIE438/Project/BLE_p2pServer/Core/Src/main.c:600:5:deadband_input	16	static
C:/Users/Jeff/Documents/Winter-2025/MIE438/Project/BLE_p2pServer/Core/Src/main.c:607:5:deadband_width_input	16	static
C:/Users/Jeff/Documents/Winter-2025/MIE438/Project/BLE_p2pServer/Core/Src/main.c:614:5:in_between_output	16	static
C:/Users/Jeff/Documents/Winter-2025/MIE438/Project/BLE_p2pServer/Core/Src/main.c:621:5:deadband_output	16	static
C:/Users/Jeff/Documents/Winter-2025/MIE438/Project/BLE_p2pServer/Core/Src/main.c:628:6:motor_control_pid	56	static
C:/Users/Jeff/Documents/Winter-2025/MIE438/Project/BLE_p2pServer/Core/Src/main.c:653:6:motor_control	16	static
C:/Users/Jeff/Documents/Winter-2025/MIE438/Project/BLE_p2pServer/Core/Src/main.c:683:6:Error_Handler	4	static
