C:/Users/Jeff/Documents/Winter-2025/MIE438/Project/BLE_p2pServer/cmake/stm32cubemx/../../Drivers/STM32WBxx_HAL_Driver/Inc/stm32wbxx_ll_rcc.h:2883:22:LL_RCC_EnableRTC	4	static
C:/Users/Jeff/Documents/Winter-2025/MIE438/Project/BLE_p2pServer/cmake/stm32cubemx/../../Drivers/STM32WBxx_HAL_Driver/Inc/stm32wbxx_ll_rcc.h:2893:22:LL_RCC_DisableRTC	4	static
C:/Users/Jeff/Documents/Winter-2025/MIE438/Project/BLE_p2pServer/cmake/stm32cubemx/../../Drivers/STM32WBxx_HAL_Driver/Inc/stm32wbxx_ll_bus.h:539:22:LL_AHB2_GRP1_EnableClock	24	static
C:/Users/Jeff/Documents/Winter-2025/MIE438/Project/BLE_p2pServer/cmake/stm32cubemx/../../Drivers/STM32WBxx_HAL_Driver/Inc/stm32wbxx_ll_bus.h:744:22:LL_AHB3_GRP1_EnableClock	24	static
C:/Users/Jeff/Documents/Winter-2025/MIE438/Project/BLE_p2pServer/cmake/stm32cubemx/../../Drivers/STM32WBxx_HAL_Driver/Inc/stm32wbxx_ll_bus.h:798:22:LL_AHB3_GRP1_DisableClock	16	static
C:/Users/Jeff/Documents/Winter-2025/MIE438/Project/BLE_p2pServer/cmake/stm32cubemx/../../Drivers/STM32WBxx_HAL_Driver/Inc/stm32wbxx_ll_bus.h:939:22:LL_APB1_GRP1_EnableClock	24	static
C:/Users/Jeff/Documents/Winter-2025/MIE438/Project/BLE_p2pServer/cmake/stm32cubemx/../../Drivers/STM32WBxx_HAL_Driver/Inc/stm32wbxx_ll_bus.h:958:22:LL_APB1_GRP2_EnableClock	24	static
C:/Users/Jeff/Documents/Winter-2025/MIE438/Project/BLE_p2pServer/cmake/stm32cubemx/../../Drivers/STM32WBxx_HAL_Driver/Inc/stm32wbxx_ll_bus.h:1038:22:LL_APB1_GRP1_DisableClock	16	static
C:/Users/Jeff/Documents/Winter-2025/MIE438/Project/BLE_p2pServer/cmake/stm32cubemx/../../Drivers/STM32WBxx_HAL_Driver/Inc/stm32wbxx_ll_bus.h:1053:22:LL_APB1_GRP2_DisableClock	16	static
C:/Users/Jeff/Documents/Winter-2025/MIE438/Project/BLE_p2pServer/cmake/stm32cubemx/../../Drivers/STM32WBxx_HAL_Driver/Inc/stm32wbxx_ll_bus.h:1274:22:LL_APB2_GRP1_EnableClock	24	static
C:/Users/Jeff/Documents/Winter-2025/MIE438/Project/BLE_p2pServer/cmake/stm32cubemx/../../Drivers/STM32WBxx_HAL_Driver/Inc/stm32wbxx_ll_bus.h:1328:22:LL_APB2_GRP1_DisableClock	16	static
C:/Users/Jeff/Documents/Winter-2025/MIE438/Project/BLE_p2pServer/Core/Src/stm32wbxx_hal_msp.c:67:6:HAL_MspInit	8	static
C:/Users/Jeff/Documents/Winter-2025/MIE438/Project/BLE_p2pServer/Core/Src/stm32wbxx_hal_msp.c:94:6:HAL_IPCC_MspInit	16	static
C:/Users/Jeff/Documents/Winter-2025/MIE438/Project/BLE_p2pServer/Core/Src/stm32wbxx_hal_msp.c:122:6:HAL_IPCC_MspDeInit	16	static
C:/Users/Jeff/Documents/Winter-2025/MIE438/Project/BLE_p2pServer/Core/Src/stm32wbxx_hal_msp.c:148:6:HAL_UART_MspInit	136	static
C:/Users/Jeff/Documents/Winter-2025/MIE438/Project/BLE_p2pServer/Core/Src/stm32wbxx_hal_msp.c:282:6:HAL_UART_MspDeInit	16	static
C:/Users/Jeff/Documents/Winter-2025/MIE438/Project/BLE_p2pServer/Core/Src/stm32wbxx_hal_msp.c:339:6:HAL_RNG_MspInit	96	static
C:/Users/Jeff/Documents/Winter-2025/MIE438/Project/BLE_p2pServer/Core/Src/stm32wbxx_hal_msp.c:373:6:HAL_RNG_MspDeInit	16	static
C:/Users/Jeff/Documents/Winter-2025/MIE438/Project/BLE_p2pServer/Core/Src/stm32wbxx_hal_msp.c:395:6:HAL_RTC_MspInit	96	static
C:/Users/Jeff/Documents/Winter-2025/MIE438/Project/BLE_p2pServer/Core/Src/stm32wbxx_hal_msp.c:433:6:HAL_RTC_MspDeInit	16	static
C:/Users/Jeff/Documents/Winter-2025/MIE438/Project/BLE_p2pServer/Core/Src/stm32wbxx_hal_msp.c:459:6:HAL_TIM_PWM_MspInit	16	static
C:/Users/Jeff/Documents/Winter-2025/MIE438/Project/BLE_p2pServer/Core/Src/stm32wbxx_hal_msp.c:476:6:HAL_TIM_MspPostInit	40	static
C:/Users/Jeff/Documents/Winter-2025/MIE438/Project/BLE_p2pServer/Core/Src/stm32wbxx_hal_msp.c:509:6:HAL_TIM_PWM_MspDeInit	16	static
