C:/Users/Jeff/Documents/Winter-2025/MIE438/Project/BLE_p2pServer/cmake/stm32cubemx/../../Drivers/STM32WBxx_HAL_Driver/Inc/stm32wbxx_ll_system.h:2223:26:LL_FLASH_GetUDN	4	static
C:/Users/Jeff/Documents/Winter-2025/MIE438/Project/BLE_p2pServer/cmake/stm32cubemx/../../Drivers/STM32WBxx_HAL_Driver/Inc/stm32wbxx_ll_system.h:2235:26:LL_FLASH_GetDeviceID	4	static
C:/Users/Jeff/Documents/Winter-2025/MIE438/Project/BLE_p2pServer/cmake/stm32cubemx/../../Drivers/STM32WBxx_HAL_Driver/Inc/stm32wbxx_ll_system.h:2247:26:LL_FLASH_GetSTCompanyID	4	static
C:/Users/Jeff/Documents/Winter-2025/MIE438/Project/BLE_p2pServer/STM32_WPAN/App/app_ble.c:372:6:APP_BLE_Init	80	static
C:/Users/Jeff/Documents/Winter-2025/MIE438/Project/BLE_p2pServer/STM32_WPAN/App/app_ble.c:534:28:SVCCTL_App_Notification	80	static
C:/Users/Jeff/Documents/Winter-2025/MIE438/Project/BLE_p2pServer/STM32_WPAN/App/app_ble.c:853:22:APP_BLE_Get_Server_Connection_Status	4	static
C:/Users/Jeff/Documents/Winter-2025/MIE438/Project/BLE_p2pServer/STM32_WPAN/App/app_ble.c:859:6:APP_BLE_Key_Button1_Action	8	static
C:/Users/Jeff/Documents/Winter-2025/MIE438/Project/BLE_p2pServer/STM32_WPAN/App/app_ble.c:864:6:APP_BLE_Key_Button2_Action	8	static
C:/Users/Jeff/Documents/Winter-2025/MIE438/Project/BLE_p2pServer/STM32_WPAN/App/app_ble.c:873:6:APP_BLE_Key_Button3_Action	4	static
C:/Users/Jeff/Documents/Winter-2025/MIE438/Project/BLE_p2pServer/STM32_WPAN/App/app_ble.c:884:13:Ble_Tl_Init	16	static
C:/Users/Jeff/Documents/Winter-2025/MIE438/Project/BLE_p2pServer/STM32_WPAN/App/app_ble.c:895:13:Ble_Hci_Gap_Gatt_Init	64	static
C:/Users/Jeff/Documents/Winter-2025/MIE438/Project/BLE_p2pServer/STM32_WPAN/App/app_ble.c:1166:13:Adv_Request	56	static
C:/Users/Jeff/Documents/Winter-2025/MIE438/Project/BLE_p2pServer/STM32_WPAN/App/app_ble.c:1256:16:BleGetBdAddress	32	static
C:/Users/Jeff/Documents/Winter-2025/MIE438/Project/BLE_p2pServer/STM32_WPAN/App/app_ble.c:1313:13:Adv_Cancel	16	static
C:/Users/Jeff/Documents/Winter-2025/MIE438/Project/BLE_p2pServer/STM32_WPAN/App/app_ble.c:1344:13:Adv_Cancel_Req	8	static
C:/Users/Jeff/Documents/Winter-2025/MIE438/Project/BLE_p2pServer/STM32_WPAN/App/app_ble.c:1359:13:Switch_OFF_GPIO	8	static
C:/Users/Jeff/Documents/Winter-2025/MIE438/Project/BLE_p2pServer/STM32_WPAN/App/app_ble.c:1367:6:BLE_SVC_L2CAP_Conn_Update	48	static
C:/Users/Jeff/Documents/Winter-2025/MIE438/Project/BLE_p2pServer/STM32_WPAN/App/app_ble.c:1405:13:Connection_Interval_Update_Req	8	static
C:/Users/Jeff/Documents/Winter-2025/MIE438/Project/BLE_p2pServer/STM32_WPAN/App/app_ble.c:1424:6:hci_notify_asynch_evt	16	static
C:/Users/Jeff/Documents/Winter-2025/MIE438/Project/BLE_p2pServer/STM32_WPAN/App/app_ble.c:1431:6:hci_cmd_resp_release	16	static
C:/Users/Jeff/Documents/Winter-2025/MIE438/Project/BLE_p2pServer/STM32_WPAN/App/app_ble.c:1438:6:hci_cmd_resp_wait	16	static
C:/Users/Jeff/Documents/Winter-2025/MIE438/Project/BLE_p2pServer/STM32_WPAN/App/app_ble.c:1445:13:BLE_UserEvtRx	24	static
C:/Users/Jeff/Documents/Winter-2025/MIE438/Project/BLE_p2pServer/STM32_WPAN/App/app_ble.c:1465:13:BLE_StatusNot	24	static
C:/Users/Jeff/Documents/Winter-2025/MIE438/Project/BLE_p2pServer/STM32_WPAN/App/app_ble.c:1504:6:SVCCTL_ResumeUserEventFlow	8	static
