C:/Users/Jeff/Documents/Winter-2025/MIE438/Project/blink_pwm3/cmake/stm32cubemx/../../Drivers/STM32WBxx_HAL_Driver/Inc/stm32wbxx_ll_bus.h:539:22:LL_AHB2_GRP1_EnableClock	24	static
C:/Users/Jeff/Documents/Winter-2025/MIE438/Project/blink_pwm3/Core/Src/main.c:71:5:main	8	static
C:/Users/Jeff/Documents/Winter-2025/MIE438/Project/blink_pwm3/Core/Src/main.c:126:6:HAL_GPIO_EXTI_Callback	16	static
C:/Users/Jeff/Documents/Winter-2025/MIE438/Project/blink_pwm3/Core/Src/main.c:144:6:SystemClock_Config	112	static
C:/Users/Jeff/Documents/Winter-2025/MIE438/Project/blink_pwm3/Core/Src/main.c:190:6:PeriphCommonClock_Config	88	static
C:/Users/Jeff/Documents/Winter-2025/MIE438/Project/blink_pwm3/Core/Src/main.c:214:13:MX_TIM1_Init	120	static
C:/Users/Jeff/Documents/Winter-2025/MIE438/Project/blink_pwm3/Core/Src/main.c:296:13:MX_GPIO_Init	32	static
C:/Users/Jeff/Documents/Winter-2025/MIE438/Project/blink_pwm3/Core/Src/main.c:357:6:Error_Handler	4	static,ignoring_inline_asm
