Archive member included to satisfy reference by file (symbol)

C:/Users/Jeff/AppData/Local/stm32cube/bundles/gnu-tools-for-stm32/14.3.1+st.2/bin/../lib/gcc/arm-none-eabi/14.3.1/../../../../arm-none-eabi/lib/thumb/v7e-m+fp/hard\libg_nano.a(libc_a-exit.o)
                              C:/Users/Jeff/AppData/Local/stm32cube/bundles/gnu-tools-for-stm32/14.3.1+st.2/bin/../lib/gcc/arm-none-eabi/14.3.1/../../../../arm-none-eabi/lib/thumb/v7e-m+fp/hard/crt0.o (exit)
C:/Users/Jeff/AppData/Local/stm32cube/bundles/gnu-tools-for-stm32/14.3.1+st.2/bin/../lib/gcc/arm-none-eabi/14.3.1/../../../../arm-none-eabi/lib/thumb/v7e-m+fp/hard\libg_nano.a(libc_a-findfp.o)
                              C:/Users/Jeff/AppData/Local/stm32cube/bundles/gnu-tools-for-stm32/14.3.1+st.2/bin/../lib/gcc/arm-none-eabi/14.3.1/../../../../arm-none-eabi/lib/thumb/v7e-m+fp/hard\libg_nano.a(libc_a-exit.o) (__stdio_exit_handler)
C:/Users/Jeff/AppData/Local/stm32cube/bundles/gnu-tools-for-stm32/14.3.1+st.2/bin/../lib/gcc/arm-none-eabi/14.3.1/../../../../arm-none-eabi/lib/thumb/v7e-m+fp/hard\libg_nano.a(libc_a-fwalk.o)
                              C:/Users/Jeff/AppData/Local/stm32cube/bundles/gnu-tools-for-stm32/14.3.1+st.2/bin/../lib/gcc/arm-none-eabi/14.3.1/../../../../arm-none-eabi/lib/thumb/v7e-m+fp/hard\libg_nano.a(libc_a-findfp.o) (_fwalk_sglue)
C:/Users/Jeff/AppData/Local/stm32cube/bundles/gnu-tools-for-stm32/14.3.1+st.2/bin/../lib/gcc/arm-none-eabi/14.3.1/../../../../arm-none-eabi/lib/thumb/v7e-m+fp/hard\libg_nano.a(libc_a-stdio.o)
                              C:/Users/Jeff/AppData/Local/stm32cube/bundles/gnu-tools-for-stm32/14.3.1+st.2/bin/../lib/gcc/arm-none-eabi/14.3.1/../../../../arm-none-eabi/lib/thumb/v7e-m+fp/hard\libg_nano.a(libc_a-findfp.o) (__sread)
C:/Users/Jeff/AppData/Local/stm32cube/bundles/gnu-tools-for-stm32/14.3.1+st.2/bin/../lib/gcc/arm-none-eabi/14.3.1/../../../../arm-none-eabi/lib/thumb/v7e-m+fp/hard\libg_nano.a(libc_a-memset.o)
                              C:/Users/Jeff/AppData/Local/stm32cube/bundles/gnu-tools-for-stm32/14.3.1+st.2/bin/../lib/gcc/arm-none-eabi/14.3.1/../../../../arm-none-eabi/lib/thumb/v7e-m+fp/hard/crt0.o (memset)
C:/Users/Jeff/AppData/Local/stm32cube/bundles/gnu-tools-for-stm32/14.3.1+st.2/bin/../lib/gcc/arm-none-eabi/14.3.1/../../../../arm-none-eabi/lib/thumb/v7e-m+fp/hard\libg_nano.a(libc_a-closer.o)
                              C:/Users/Jeff/AppData/Local/stm32cube/bundles/gnu-tools-for-stm32/14.3.1+st.2/bin/../lib/gcc/arm-none-eabi/14.3.1/../../../../arm-none-eabi/lib/thumb/v7e-m+fp/hard\libg_nano.a(libc_a-stdio.o) (_close_r)
C:/Users/Jeff/AppData/Local/stm32cube/bundles/gnu-tools-for-stm32/14.3.1+st.2/bin/../lib/gcc/arm-none-eabi/14.3.1/../../../../arm-none-eabi/lib/thumb/v7e-m+fp/hard\libg_nano.a(libc_a-reent.o)
                              C:/Users/Jeff/AppData/Local/stm32cube/bundles/gnu-tools-for-stm32/14.3.1+st.2/bin/../lib/gcc/arm-none-eabi/14.3.1/../../../../arm-none-eabi/lib/thumb/v7e-m+fp/hard\libg_nano.a(libc_a-closer.o) (errno)
C:/Users/Jeff/AppData/Local/stm32cube/bundles/gnu-tools-for-stm32/14.3.1+st.2/bin/../lib/gcc/arm-none-eabi/14.3.1/../../../../arm-none-eabi/lib/thumb/v7e-m+fp/hard\libg_nano.a(libc_a-impure.o)
                              C:/Users/Jeff/AppData/Local/stm32cube/bundles/gnu-tools-for-stm32/14.3.1+st.2/bin/../lib/gcc/arm-none-eabi/14.3.1/../../../../arm-none-eabi/lib/thumb/v7e-m+fp/hard\libg_nano.a(libc_a-reent.o) (_impure_ptr)
C:/Users/Jeff/AppData/Local/stm32cube/bundles/gnu-tools-for-stm32/14.3.1+st.2/bin/../lib/gcc/arm-none-eabi/14.3.1/../../../../arm-none-eabi/lib/thumb/v7e-m+fp/hard\libg_nano.a(libc_a-lseekr.o)
                              C:/Users/Jeff/AppData/Local/stm32cube/bundles/gnu-tools-for-stm32/14.3.1+st.2/bin/../lib/gcc/arm-none-eabi/14.3.1/../../../../arm-none-eabi/lib/thumb/v7e-m+fp/hard\libg_nano.a(libc_a-stdio.o) (_lseek_r)
C:/Users/Jeff/AppData/Local/stm32cube/bundles/gnu-tools-for-stm32/14.3.1+st.2/bin/../lib/gcc/arm-none-eabi/14.3.1/../../../../arm-none-eabi/lib/thumb/v7e-m+fp/hard\libg_nano.a(libc_a-readr.o)
                              C:/Users/Jeff/AppData/Local/stm32cube/bundles/gnu-tools-for-stm32/14.3.1+st.2/bin/../lib/gcc/arm-none-eabi/14.3.1/../../../../arm-none-eabi/lib/thumb/v7e-m+fp/hard\libg_nano.a(libc_a-stdio.o) (_read_r)
C:/Users/Jeff/AppData/Local/stm32cube/bundles/gnu-tools-for-stm32/14.3.1+st.2/bin/../lib/gcc/arm-none-eabi/14.3.1/../../../../arm-none-eabi/lib/thumb/v7e-m+fp/hard\libg_nano.a(libc_a-writer.o)
                              C:/Users/Jeff/AppData/Local/stm32cube/bundles/gnu-tools-for-stm32/14.3.1+st.2/bin/../lib/gcc/arm-none-eabi/14.3.1/../../../../arm-none-eabi/lib/thumb/v7e-m+fp/hard\libg_nano.a(libc_a-stdio.o) (_write_r)
C:/Users/Jeff/AppData/Local/stm32cube/bundles/gnu-tools-for-stm32/14.3.1+st.2/bin/../lib/gcc/arm-none-eabi/14.3.1/../../../../arm-none-eabi/lib/thumb/v7e-m+fp/hard\libg_nano.a(libc_a-errno.o)
                              CMakeFiles/blink_pwm3.dir/Core/Src/sysmem.c.obj (__errno)
[...]
Memory Configuration

Name             Origin             Length             Attributes
FLASH            0x08000000         0x00080000         xr
RAM1             0x20000008         0x0002fff8         xrw
RAM_SHARED       0x20030000         0x00002800         xrw
*default*        0x00000000         0xffffffff

Linker script and memory map

LOAD C:/Users/Jeff/AppData/Local/stm32cube/bundles/gnu-tools-for-stm32/14.3.1+st.2/bin/../lib/gcc/arm-none-eabi/14.3.1/thumb/v7e-m+fp/hard/crti.o
LOAD C:/Users/Jeff/AppData/Local/stm32cube/bundles/gnu-tools-for-stm32/14.3.1+st.2/bin/../lib/gcc/arm-none-eabi/14.3.1/thumb/v7e-m+fp/hard/crtbegin.o
LOAD C:/Users/Jeff/AppData/Local/stm32cube/bundles/gnu-tools-for-stm32/14.3.1+st.2/bin/../lib/gcc/arm-none-eabi/14.3.1/../../../../arm-none-eabi/lib/thumb/v7e-m+fp/hard/crt0.o
LOAD cmake/stm32cubemx/CMakeFiles/STM32_Drivers.dir/__/__/Core/Src/system_stm32wbxx.c.obj
LOAD cmake/stm32cubemx/CMakeFiles/STM32_Drivers.dir/__/__/Drivers/STM32WBxx_HAL_Driver/Src/stm32wbxx_hal_rcc.c.obj
LOAD cmake/stm32cubemx/CMakeFiles/STM32_Drivers.dir/__/__/Drivers/STM32WBxx_HAL_Driver/Src/stm32wbxx_ll_rcc.c.obj
LOAD cmake/stm32cubemx/CMakeFiles/STM32_Drivers.dir/__/__/Drivers/STM32WBxx_HAL_Driver/Src/stm32wbxx_hal_rcc_ex.c.obj
LOAD cmake/stm32cubemx/CMakeFiles/STM32_Drivers.dir/__/__/Drivers/STM32WBxx_HAL_Driver/Src/stm32wbxx_hal_flash.c.obj
LOAD cmake/stm32cubemx/CMakeFiles/STM32_Drivers.dir/__/__/Drivers/STM32WBxx_HAL_Driver/Src/stm32wbxx_hal_flash_ex.c.obj
LOAD cmake/stm32cubemx/CMakeFiles/STM32_Drivers.dir/__/__/Drivers/STM32WBxx_HAL_Driver/Src/stm32wbxx_hal_gpio.c.obj
LOAD cmake/stm32cubemx/CMakeFiles/STM32_Drivers.dir/__/__/Drivers/STM32WBxx_HAL_Driver/Src/stm32wbxx_hal_hsem.c.obj
LOAD cmake/stm32cubemx/CMakeFiles/STM32_Drivers.dir/__/__/Drivers/STM32WBxx_HAL_Driver/Src/stm32wbxx_hal_dma.c.obj
LOAD cmake/stm32cubemx/CMakeFiles/STM32_Drivers.dir/__/__/Drivers/STM32WBxx_HAL_Driver/Src/stm32wbxx_hal_dma_ex.c.obj
LOAD cmake/stm32cubemx/CMakeFiles/STM32_Drivers.dir/__/__/Drivers/STM32WBxx_HAL_Driver/Src/stm32wbxx_hal_pwr.c.obj
LOAD cmake/stm32cubemx/CMakeFiles/STM32_Drivers.dir/__/__/Drivers/STM32WBxx_HAL_Driver/Src/stm32wbxx_hal_pwr_ex.c.obj
LOAD cmake/stm32cubemx/CMakeFiles/STM32_Drivers.dir/__/__/Drivers/STM32WBxx_HAL_Driver/Src/stm32wbxx_hal_cortex.c.obj
LOAD cmake/stm32cubemx/CMakeFiles/STM32_Drivers.dir/__/__/Drivers/STM32WBxx_HAL_Driver/Src/stm32wbxx_hal.c.obj
LOAD cmake/stm32cubemx/CMakeFiles/STM32_Drivers.dir/__/__/Drivers/STM32WBxx_HAL_Driver/Src/stm32wbxx_hal_exti.c.obj
LOAD cmake/stm32cubemx/CMakeFiles/STM32_Drivers.dir/__/__/Drivers/STM32WBxx_HAL_Driver/Src/stm32wbxx_hal_tim.c.obj
LOAD cmake/stm32cubemx/CMakeFiles/STM32_Drivers.dir/__/__/Drivers/STM32WBxx_HAL_Driver/Src/stm32wbxx_hal_tim_ex.c.obj
LOAD CMakeFiles/blink_pwm3.dir/Core/Src/main.c.obj
LOAD CMakeFiles/blink_pwm3.dir/Core/Src/stm32wbxx_it.c.obj
LOAD CMakeFiles/blink_pwm3.dir/Core/Src/stm32wbxx_hal_msp.c.obj
LOAD CMakeFiles/blink_pwm3.dir/Core/Src/sysmem.c.obj
LOAD CMakeFiles/blink_pwm3.dir/Core/Src/syscalls.c.obj
LOAD CMakeFiles/blink_pwm3.dir/startup_stm32wb55xx_cm4.s.obj
LOAD C:/Users/Jeff/AppData/Local/stm32cube/bundles/gnu-tools-for-stm32/14.3.1+st.2/bin/../lib/gcc/arm-none-eabi/14.3.1/../../../../arm-none-eabi/lib/thumb/v7e-m+fp/hard\libm.a
START GROUP
LOAD C:/Users/Jeff/AppData/Local/stm32cube/bundles/gnu-tools-for-stm32/14.3.1+st.2/bin/../lib/gcc/arm-none-eabi/14.3.1/thumb/v7e-m+fp/hard\libgcc.a
LOAD C:/Users/Jeff/AppData/Local/stm32cube/bundles/gnu-tools-for-stm32/14.3.1+st.2/bin/../lib/gcc/arm-none-eabi/14.3.1/../../../../arm-none-eabi/lib/thumb/v7e-m+fp/hard\libg_nano.a
LOAD C:/Users/Jeff/AppData/Local/stm32cube/bundles/gnu-tools-for-stm32/14.3.1+st.2/bin/../lib/gcc/arm-none-eabi/14.3.1/../../../../arm-none-eabi/lib/thumb/v7e-m+fp/hard\libc_nano.a
END GROUP
START GROUP
LOAD C:/Users/Jeff/AppData/Local/stm32cube/bundles/gnu-tools-for-stm32/14.3.1+st.2/bin/../lib/gcc/arm-none-eabi/14.3.1/thumb/v7e-m+fp/hard\libgcc.a
LOAD C:/Users/Jeff/AppData/Local/stm32cube/bundles/gnu-tools-for-stm32/14.3.1+st.2/bin/../lib/gcc/arm-none-eabi/14.3.1/../../../../arm-none-eabi/lib/thumb/v7e-m+fp/hard\libc_nano.a
END GROUP
LOAD C:/Users/Jeff/AppData/Local/stm32cube/bundles/gnu-tools-for-stm32/14.3.1+st.2/bin/../lib/gcc/arm-none-eabi/14.3.1/thumb/v7e-m+fp/hard/crtend.o
LOAD C:/Users/Jeff/AppData/Local/stm32cube/bundles/gnu-tools-for-stm32/14.3.1+st.2/bin/../lib/gcc/arm-none-eabi/14.3.1/thumb/v7e-m+fp/hard/crtn.o
                0x20030000                        _estack = 0x20030000
                0x00000200                        _Min_Heap_Size = 0x200
                0x00000400                        _Min_Stack_Size = 0x400

.isr_vector     0x08000000      0x13c
                0x08000000                        . = ALIGN (0x4)
 *(.isr_vector)
 .isr_vector    0x08000000      0x13c CMakeFiles/blink_pwm3.dir/startup_stm32wb55xx_cm4.s.obj
                0x08000000                g_pfnVectors
                0x0800013c                        . = ALIGN (0x4)

.text           0x0800013c     0x3920
                0x0800013c                        . = ALIGN (0x4)
 *(.text)
 .text          0x0800013c       0x40 C:/Users/Jeff/AppData/Local/stm32cube/bundles/gnu-tools-for-stm32/14.3.1+st.2/bin/../lib/gcc/arm-none-eabi/14.3.1/thumb/v7e-m+fp/hard/crtbegin.o
 *(.text*)
 .text.SystemInit
                0x0800017c       0xa4 cmake/stm32cubemx/CMakeFiles/STM32_Drivers.dir/__/__/Core/Src/system_stm32wbxx.c.obj
                0x0800017c                SystemInit
 .text.LL_RCC_HSE_IsEnabledDiv2
                0x08000220       0x24 cmake/stm32cubemx/CMakeFiles/STM32_Drivers.dir/__/__/Drivers/STM32WBxx_HAL_Driver/Src/stm32wbxx_hal_rcc.c.obj
 .text.LL_RCC_HSE_Enable
                0x08000244       0x1e cmake/stm32cubemx/CMakeFiles/STM32_Drivers.dir/__/__/Drivers/STM32WBxx_HAL_Driver/Src/stm32wbxx_hal_rcc.c.obj
 .text.LL_RCC_HSE_Disable
                0x08000262       0x1e cmake/stm32cubemx/CMakeFiles/STM32_Drivers.dir/__/__/Drivers/STM32WBxx_HAL_Driver/Src/stm32wbxx_hal_rcc.c.obj
 .text.LL_RCC_HSE_IsReady
                0x08000280       0x24 cmake/stm32cubemx/CMakeFiles/STM32_Drivers.dir/__/__/Drivers/STM32WBxx_HAL_Driver/Src/stm32wbxx_hal_rcc.c.obj
 .text.LL_RCC_HSI_Enable
                0x080002a4       0x1e cmake/stm32cubemx/CMakeFiles/STM32_Drivers.dir/__/__/Drivers/STM32WBxx_HAL_Driver/Src/stm32wbxx_hal_rcc.c.obj
 .text.LL_RCC_HSI_Disable
                0x080002c2       0x1e cmake/stm32cubemx/CMakeFiles/STM32_Drivers.dir/__/__/Drivers/STM32WBxx_HAL_Driver/Src/stm32wbxx_hal_rcc.c.obj
 .text.LL_RCC_HSI_IsReady
                0x080002e0       0x24 cmake/stm32cubemx/CMakeFiles/STM32_Drivers.dir/__/__/Drivers/STM32WBxx_HAL_Driver/Src/stm32wbxx_hal_rcc.c.obj
 .text.LL_RCC_HSI_SetCalibTrimming
                0x08000304       0x2a cmake/stm32cubemx/CMakeFiles/STM32_Drivers.dir/__/__/Drivers/STM32WBxx_HAL_Driver/Src/stm32wbxx_hal_rcc.c.obj
 .text.LL_RCC_HSI48_Enable
                0x0800032e       0x22 cmake/stm32cubemx/CMakeFiles/STM32_Drivers.dir/__/__/Drivers/STM32WBxx_HAL_Driver/Src/stm32wbxx_hal_rcc.c.obj
 .text.LL_RCC_HSI48_Disable
                0x08000350       0x22 cmake/stm32cubemx/CMakeFiles/STM32_Drivers.dir/__/__/Drivers/STM32WBxx_HAL_Driver/Src/stm32wbxx_hal_rcc.c.obj
 .text.LL_RCC_HSI48_IsReady
                0x08000372       0x24 cmake/stm32cubemx/CMakeFiles/STM32_Drivers.dir/__/__/Drivers/STM32WBxx_HAL_Driver/Src/stm32wbxx_hal_rcc.c.obj
 .text.LL_RCC_LSE_Enable
                0x08000396       0x22 cmake/stm32cubemx/CMakeFiles/STM32_Drivers.dir/__/__/Drivers/STM32WBxx_HAL_Driver/Src/stm32wbxx_hal_rcc.c.obj
 .text.LL_RCC_LSE_Disable
                0x080003b8       0x22 cmake/stm32cubemx/CMakeFiles/STM32_Drivers.dir/__/__/Drivers/STM32WBxx_HAL_Driver/Src/stm32wbxx_hal_rcc.c.obj
 .text.LL_RCC_LSE_EnableBypass
                0x080003da       0x22 cmake/stm32cubemx/CMakeFiles/STM32_Drivers.dir/__/__/Drivers/STM32WBxx_HAL_Driver/Src/stm32wbxx_hal_rcc.c.obj
 .text.LL_RCC_LSE_DisableBypass
                0x080003fc       0x22 cmake/stm32cubemx/CMakeFiles/STM32_Drivers.dir/__/__/Drivers/STM32WBxx_HAL_Driver/Src/stm32wbxx_hal_rcc.c.obj
 .text.LL_RCC_LSE_IsReady
                0x0800041e       0x24 cmake/stm32cubemx/CMakeFiles/STM32_Drivers.dir/__/__/Drivers/STM32WBxx_HAL_Driver/Src/stm32wbxx_hal_rcc.c.obj
 .text.LL_RCC_LSI1_Enable
                0x08000442       0x22 cmake/stm32cubemx/CMakeFiles/STM32_Drivers.dir/__/__/Drivers/STM32WBxx_HAL_Driver/Src/stm32wbxx_hal_rcc.c.obj
 .text.LL_RCC_LSI1_Disable
                0x08000464       0x22 cmake/stm32cubemx/CMakeFiles/STM32_Drivers.dir/__/__/Drivers/STM32WBxx_HAL_Driver/Src/stm32wbxx_hal_rcc.c.obj
 .text.LL_RCC_LSI1_IsReady
                0x08000486       0x24 cmake/stm32cubemx/CMakeFiles/STM32_Drivers.dir/__/__/Drivers/STM32WBxx_HAL_Driver/Src/stm32wbxx_hal_rcc.c.obj
 .text.LL_RCC_LSI2_Enable
                0x080004aa       0x22 cmake/stm32cubemx/CMakeFiles/STM32_Drivers.dir/__/__/Drivers/STM32WBxx_HAL_Driver/Src/stm32wbxx_hal_rcc.c.obj
 .text.LL_RCC_LSI2_Disable
                0x080004cc       0x22 cmake/stm32cubemx/CMakeFiles/STM32_Drivers.dir/__/__/Drivers/STM32WBxx_HAL_Driver/Src/stm32wbxx_hal_rcc.c.obj
 .text.LL_RCC_LSI2_IsReady
                0x080004ee       0x24 cmake/stm32cubemx/CMakeFiles/STM32_Drivers.dir/__/__/Drivers/STM32WBxx_HAL_Driver/Src/stm32wbxx_hal_rcc.c.obj
 .text.LL_RCC_LSI2_SetTrimming
                0x08000512       0x2e cmake/stm32cubemx/CMakeFiles/STM32_Drivers.dir/__/__/Drivers/STM32WBxx_HAL_Driver/Src/stm32wbxx_hal_rcc.c.obj
 .text.LL_RCC_MSI_Enable
                0x08000540       0x1e cmake/stm32cubemx/CMakeFiles/STM32_Drivers.dir/__/__/Drivers/STM32WBxx_HAL_Driver/Src/stm32wbxx_hal_rcc.c.obj
 .text.LL_RCC_MSI_Disable
                0x0800055e       0x1e cmake/stm32cubemx/CMakeFiles/STM32_Drivers.dir/__/__/Drivers/STM32WBxx_HAL_Driver/Src/stm32wbxx_hal_rcc.c.obj
 .text.LL_RCC_MSI_IsReady
                0x0800057c       0x22 cmake/stm32cubemx/CMakeFiles/STM32_Drivers.dir/__/__/Drivers/STM32WBxx_HAL_Driver/Src/stm32wbxx_hal_rcc.c.obj
 .text.LL_RCC_MSI_SetRange
                0x0800059e       0x28 cmake/stm32cubemx/CMakeFiles/STM32_Drivers.dir/__/__/Drivers/STM32WBxx_HAL_Driver/Src/stm32wbxx_hal_rcc.c.obj
 .text.LL_RCC_MSI_GetRange
                0x080005c6       0x2a cmake/stm32cubemx/CMakeFiles/STM32_Drivers.dir/__/__/Drivers/STM32WBxx_HAL_Driver/Src/stm32wbxx_hal_rcc.c.obj
 .text.LL_RCC_MSI_SetCalibTrimming
                0x080005f0       0x2a cmake/stm32cubemx/CMakeFiles/STM32_Drivers.dir/__/__/Drivers/STM32WBxx_HAL_Driver/Src/stm32wbxx_hal_rcc.c.obj
 .text.LL_RCC_SetSysClkSource
                0x0800061a       0x28 cmake/stm32cubemx/CMakeFiles/STM32_Drivers.dir/__/__/Drivers/STM32WBxx_HAL_Driver/Src/stm32wbxx_hal_rcc.c.obj
 .text.LL_RCC_GetSysClkSource
                0x08000642       0x18 cmake/stm32cubemx/CMakeFiles/STM32_Drivers.dir/__/__/Drivers/STM32WBxx_HAL_Driver/Src/stm32wbxx_hal_rcc.c.obj
 .text.LL_RCC_SetAHBPrescaler
                0x0800065a       0x28 cmake/stm32cubemx/CMakeFiles/STM32_Drivers.dir/__/__/Drivers/STM32WBxx_HAL_Driver/Src/stm32wbxx_hal_rcc.c.obj
 .text.LL_C2_RCC_SetAHBPrescaler
                0x08000682       0x2c cmake/stm32cubemx/CMakeFiles/STM32_Drivers.dir/__/__/Drivers/STM32WBxx_HAL_Driver/Src/stm32wbxx_hal_rcc.c.obj
 .text.LL_RCC_SetAHB4Prescaler
                0x080006ae       0x2e cmake/stm32cubemx/CMakeFiles/STM32_Drivers.dir/__/__/Drivers/STM32WBxx_HAL_Driver/Src/stm32wbxx_hal_rcc.c.obj
 .text.LL_RCC_SetAPB1Prescaler
                0x080006dc       0x28 cmake/stm32cubemx/CMakeFiles/STM32_Drivers.dir/__/__/Drivers/STM32WBxx_HAL_Driver/Src/stm32wbxx_hal_rcc.c.obj
 .text.LL_RCC_SetAPB2Prescaler
                0x08000704       0x28 cmake/stm32cubemx/CMakeFiles/STM32_Drivers.dir/__/__/Drivers/STM32WBxx_HAL_Driver/Src/stm32wbxx_hal_rcc.c.obj
 .text.LL_RCC_GetAHBPrescaler
                0x0800072c       0x18 cmake/stm32cubemx/CMakeFiles/STM32_Drivers.dir/__/__/Drivers/STM32WBxx_HAL_Driver/Src/stm32wbxx_hal_rcc.c.obj
 .text.LL_RCC_GetAHB4Prescaler
                0x08000744       0x1c cmake/stm32cubemx/CMakeFiles/STM32_Drivers.dir/__/__/Drivers/STM32WBxx_HAL_Driver/Src/stm32wbxx_hal_rcc.c.obj
 .text.LL_RCC_PLL_Enable
                0x08000760       0x1e cmake/stm32cubemx/CMakeFiles/STM32_Drivers.dir/__/__/Drivers/STM32WBxx_HAL_Driver/Src/stm32wbxx_hal_rcc.c.obj
 .text.LL_RCC_PLL_Disable
                0x0800077e       0x1e cmake/stm32cubemx/CMakeFiles/STM32_Drivers.dir/__/__/Drivers/STM32WBxx_HAL_Driver/Src/stm32wbxx_hal_rcc.c.obj
 .text.LL_RCC_PLL_IsReady
                0x0800079c       0x24 cmake/stm32cubemx/CMakeFiles/STM32_Drivers.dir/__/__/Drivers/STM32WBxx_HAL_Driver/Src/stm32wbxx_hal_rcc.c.obj
 .text.LL_RCC_PLL_GetN
                0x080007c0       0x1a cmake/stm32cubemx/CMakeFiles/STM32_Drivers.dir/__/__/Drivers/STM32WBxx_HAL_Driver/Src/stm32wbxx_hal_rcc.c.obj
 .text.LL_RCC_PLL_GetR
                0x080007da       0x18 cmake/stm32cubemx/CMakeFiles/STM32_Drivers.dir/__/__/Drivers/STM32WBxx_HAL_Driver/Src/stm32wbxx_hal_rcc.c.obj
 .text.LL_RCC_PLL_GetDivider
                0x080007f2       0x18 cmake/stm32cubemx/CMakeFiles/STM32_Drivers.dir/__/__/Drivers/STM32WBxx_HAL_Driver/Src/stm32wbxx_hal_rcc.c.obj
 .text.LL_RCC_PLL_GetMainSource
                0x0800080a       0x18 cmake/stm32cubemx/CMakeFiles/STM32_Drivers.dir/__/__/Drivers/STM32WBxx_HAL_Driver/Src/stm32wbxx_hal_rcc.c.obj
 .text.LL_RCC_IsActiveFlag_HPRE
                0x08000822       0x24 cmake/stm32cubemx/CMakeFiles/STM32_Drivers.dir/__/__/Drivers/STM32WBxx_HAL_Driver/Src/stm32wbxx_hal_rcc.c.obj
 .text.LL_RCC_IsActiveFlag_C2HPRE
                0x08000846       0x26 cmake/stm32cubemx/CMakeFiles/STM32_Drivers.dir/__/__/Drivers/STM32WBxx_HAL_Driver/Src/stm32wbxx_hal_rcc.c.obj
 .text.LL_RCC_IsActiveFlag_SHDHPRE
                0x0800086c       0x26 cmake/stm32cubemx/CMakeFiles/STM32_Drivers.dir/__/__/Drivers/STM32WBxx_HAL_Driver/Src/stm32wbxx_hal_rcc.c.obj
 .text.LL_RCC_IsActiveFlag_PPRE1
                0x08000892       0x24 cmake/stm32cubemx/CMakeFiles/STM32_Drivers.dir/__/__/Drivers/STM32WBxx_HAL_Driver/Src/stm32wbxx_hal_rcc.c.obj
 .text.LL_RCC_IsActiveFlag_PPRE2
                0x080008b6       0x24 cmake/stm32cubemx/CMakeFiles/STM32_Drivers.dir/__/__/Drivers/STM32WBxx_HAL_Driver/Src/stm32wbxx_hal_rcc.c.obj
 *fill*         0x080008da        0x2 
 .text.HAL_RCC_OscConfig
                0x080008dc      0x6e8 cmake/stm32cubemx/CMakeFiles/STM32_Drivers.dir/__/__/Drivers/STM32WBxx_HAL_Driver/Src/stm32wbxx_hal_rcc.c.obj
                0x080008dc                HAL_RCC_OscConfig
 .text.HAL_RCC_ClockConfig
                0x08000fc4      0x280 cmake/stm32cubemx/CMakeFiles/STM32_Drivers.dir/__/__/Drivers/STM32WBxx_HAL_Driver/Src/stm32wbxx_hal_rcc.c.obj
                0x08000fc4                HAL_RCC_ClockConfig
 .text.HAL_RCC_GetSysClockFreq
                0x08001244       0xd8 cmake/stm32cubemx/CMakeFiles/STM32_Drivers.dir/__/__/Drivers/STM32WBxx_HAL_Driver/Src/stm32wbxx_hal_rcc.c.obj
                0x08001244                HAL_RCC_GetSysClockFreq
 .text.HAL_RCC_GetHCLKFreq
                0x0800131c       0x28 cmake/stm32cubemx/CMakeFiles/STM32_Drivers.dir/__/__/Drivers/STM32WBxx_HAL_Driver/Src/stm32wbxx_hal_rcc.c.obj
                0x0800131c                HAL_RCC_GetHCLKFreq
 .text.RCC_SetFlashLatencyFromMSIRange
                0x08001344       0x70 cmake/stm32cubemx/CMakeFiles/STM32_Drivers.dir/__/__/Drivers/STM32WBxx_HAL_Driver/Src/stm32wbxx_hal_rcc.c.obj
 .text.RCC_SetFlashLatency
                0x080013b4       0xf8 cmake/stm32cubemx/CMakeFiles/STM32_Drivers.dir/__/__/Drivers/STM32WBxx_HAL_Driver/Src/stm32wbxx_hal_rcc.c.obj
 .text.LL_RCC_LSE_IsEnabled
                0x080014ac       0x24 cmake/stm32cubemx/CMakeFiles/STM32_Drivers.dir/__/__/Drivers/STM32WBxx_HAL_Driver/Src/stm32wbxx_hal_rcc_ex.c.obj
 .text.LL_RCC_LSE_IsReady
                0x080014d0       0x24 cmake/stm32cubemx/CMakeFiles/STM32_Drivers.dir/__/__/Drivers/STM32WBxx_HAL_Driver/Src/stm32wbxx_hal_rcc_ex.c.obj
 .text.LL_RCC_SetRFWKPClockSource
                0x080014f4       0x2c cmake/stm32cubemx/CMakeFiles/STM32_Drivers.dir/__/__/Drivers/STM32WBxx_HAL_Driver/Src/stm32wbxx_hal_rcc_ex.c.obj
 .text.LL_RCC_SetSMPSClockSource
                0x08001520       0x28 cmake/stm32cubemx/CMakeFiles/STM32_Drivers.dir/__/__/Drivers/STM32WBxx_HAL_Driver/Src/stm32wbxx_hal_rcc_ex.c.obj
 .text.LL_RCC_SetSMPSPrescaler
                0x08001548       0x28 cmake/stm32cubemx/CMakeFiles/STM32_Drivers.dir/__/__/Drivers/STM32WBxx_HAL_Driver/Src/stm32wbxx_hal_rcc_ex.c.obj
 .text.LL_RCC_SetUSARTClockSource
                0x08001570       0x2c cmake/stm32cubemx/CMakeFiles/STM32_Drivers.dir/__/__/Drivers/STM32WBxx_HAL_Driver/Src/stm32wbxx_hal_rcc_ex.c.obj
 .text.LL_RCC_SetLPUARTClockSource
                0x0800159c       0x2c cmake/stm32cubemx/CMakeFiles/STM32_Drivers.dir/__/__/Drivers/STM32WBxx_HAL_Driver/Src/stm32wbxx_hal_rcc_ex.c.obj
 .text.LL_RCC_SetI2CClockSource
                0x080015c8       0x3a cmake/stm32cubemx/CMakeFiles/STM32_Drivers.dir/__/__/Drivers/STM32WBxx_HAL_Driver/Src/stm32wbxx_hal_rcc_ex.c.obj
 .text.LL_RCC_SetLPTIMClockSource
                0x08001602       0x34 cmake/stm32cubemx/CMakeFiles/STM32_Drivers.dir/__/__/Drivers/STM32WBxx_HAL_Driver/Src/stm32wbxx_hal_rcc_ex.c.obj
 .text.LL_RCC_SetSAIClockSource
                0x08001636       0x2c cmake/stm32cubemx/CMakeFiles/STM32_Drivers.dir/__/__/Drivers/STM32WBxx_HAL_Driver/Src/stm32wbxx_hal_rcc_ex.c.obj
 .text.LL_RCC_SetRNGClockSource
                0x08001662       0x2c cmake/stm32cubemx/CMakeFiles/STM32_Drivers.dir/__/__/Drivers/STM32WBxx_HAL_Driver/Src/stm32wbxx_hal_rcc_ex.c.obj
 .text.LL_RCC_SetCLK48ClockSource
                0x0800168e       0x2c cmake/stm32cubemx/CMakeFiles/STM32_Drivers.dir/__/__/Drivers/STM32WBxx_HAL_Driver/Src/stm32wbxx_hal_rcc_ex.c.obj
 .text.LL_RCC_SetUSBClockSource
                0x080016ba       0x16 cmake/stm32cubemx/CMakeFiles/STM32_Drivers.dir/__/__/Drivers/STM32WBxx_HAL_Driver/Src/stm32wbxx_hal_rcc_ex.c.obj
 .text.LL_RCC_SetADCClockSource
                0x080016d0       0x2c cmake/stm32cubemx/CMakeFiles/STM32_Drivers.dir/__/__/Drivers/STM32WBxx_HAL_Driver/Src/stm32wbxx_hal_rcc_ex.c.obj
 .text.LL_RCC_SetRTCClockSource
                0x080016fc       0x2c cmake/stm32cubemx/CMakeFiles/STM32_Drivers.dir/__/__/Drivers/STM32WBxx_HAL_Driver/Src/stm32wbxx_hal_rcc_ex.c.obj
 .text.LL_RCC_GetRTCClockSource
                0x08001728       0x1a cmake/stm32cubemx/CMakeFiles/STM32_Drivers.dir/__/__/Drivers/STM32WBxx_HAL_Driver/Src/stm32wbxx_hal_rcc_ex.c.obj
 .text.LL_RCC_ForceBackupDomainReset
                0x08001742       0x22 cmake/stm32cubemx/CMakeFiles/STM32_Drivers.dir/__/__/Drivers/STM32WBxx_HAL_Driver/Src/stm32wbxx_hal_rcc_ex.c.obj
 .text.LL_RCC_ReleaseBackupDomainReset
                0x08001764       0x22 cmake/stm32cubemx/CMakeFiles/STM32_Drivers.dir/__/__/Drivers/STM32WBxx_HAL_Driver/Src/stm32wbxx_hal_rcc_ex.c.obj
 .text.LL_RCC_PLLSAI1_Enable
                0x08001786       0x1e cmake/stm32cubemx/CMakeFiles/STM32_Drivers.dir/__/__/Drivers/STM32WBxx_HAL_Driver/Src/stm32wbxx_hal_rcc_ex.c.obj
 .text.LL_RCC_PLLSAI1_Disable
                0x080017a4       0x1e cmake/stm32cubemx/CMakeFiles/STM32_Drivers.dir/__/__/Drivers/STM32WBxx_HAL_Driver/Src/stm32wbxx_hal_rcc_ex.c.obj
 .text.LL_RCC_PLLSAI1_IsReady
                0x080017c2       0x24 cmake/stm32cubemx/CMakeFiles/STM32_Drivers.dir/__/__/Drivers/STM32WBxx_HAL_Driver/Src/stm32wbxx_hal_rcc_ex.c.obj
 .text.HAL_RCCEx_PeriphCLKConfig
                0x080017e6      0x2ec cmake/stm32cubemx/CMakeFiles/STM32_Drivers.dir/__/__/Drivers/STM32WBxx_HAL_Driver/Src/stm32wbxx_hal_rcc_ex.c.obj
                0x080017e6                HAL_RCCEx_PeriphCLKConfig
 .text.RCCEx_PLLSAI1_ConfigNP
                0x08001ad2       0xb6 cmake/stm32cubemx/CMakeFiles/STM32_Drivers.dir/__/__/Drivers/STM32WBxx_HAL_Driver/Src/stm32wbxx_hal_rcc_ex.c.obj
 .text.RCCEx_PLLSAI1_ConfigNQ
                0x08001b88       0xb6 cmake/stm32cubemx/CMakeFiles/STM32_Drivers.dir/__/__/Drivers/STM32WBxx_HAL_Driver/Src/stm32wbxx_hal_rcc_ex.c.obj
 .text.RCCEx_PLLSAI1_ConfigNR
                0x08001c3e       0xb6 cmake/stm32cubemx/CMakeFiles/STM32_Drivers.dir/__/__/Drivers/STM32WBxx_HAL_Driver/Src/stm32wbxx_hal_rcc_ex.c.obj
 .text.HAL_GPIO_Init
                0x08001cf4      0x2e0 cmake/stm32cubemx/CMakeFiles/STM32_Drivers.dir/__/__/Drivers/STM32WBxx_HAL_Driver/Src/stm32wbxx_hal_gpio.c.obj
                0x08001cf4                HAL_GPIO_Init
 .text.HAL_GPIO_EXTI_IRQHandler
                0x08001fd4       0x30 cmake/stm32cubemx/CMakeFiles/STM32_Drivers.dir/__/__/Drivers/STM32WBxx_HAL_Driver/Src/stm32wbxx_hal_gpio.c.obj
                0x08001fd4                HAL_GPIO_EXTI_IRQHandler
 .text.HAL_PWR_EnableBkUpAccess
                0x08002004       0x20 cmake/stm32cubemx/CMakeFiles/STM32_Drivers.dir/__/__/Drivers/STM32WBxx_HAL_Driver/Src/stm32wbxx_hal_pwr.c.obj
                0x08002004                HAL_PWR_EnableBkUpAccess
 .text.HAL_PWREx_GetVoltageRange
                0x08002024       0x1c cmake/stm32cubemx/CMakeFiles/STM32_Drivers.dir/__/__/Drivers/STM32WBxx_HAL_Driver/Src/stm32wbxx_hal_pwr_ex.c.obj
                0x08002024                HAL_PWREx_GetVoltageRange
 .text.__NVIC_SetPriorityGrouping
                0x08002040       0x48 cmake/stm32cubemx/CMakeFiles/STM32_Drivers.dir/__/__/Drivers/STM32WBxx_HAL_Driver/Src/stm32wbxx_hal_cortex.c.obj
 .text.__NVIC_GetPriorityGrouping
                0x08002088       0x1c cmake/stm32cubemx/CMakeFiles/STM32_Drivers.dir/__/__/Drivers/STM32WBxx_HAL_Driver/Src/stm32wbxx_hal_cortex.c.obj
 .text.__NVIC_EnableIRQ
                0x080020a4       0x3c cmake/stm32cubemx/CMakeFiles/STM32_Drivers.dir/__/__/Drivers/STM32WBxx_HAL_Driver/Src/stm32wbxx_hal_cortex.c.obj
 .text.__NVIC_SetPriority
                0x080020e0       0x54 cmake/stm32cubemx/CMakeFiles/STM32_Drivers.dir/__/__/Drivers/STM32WBxx_HAL_Driver/Src/stm32wbxx_hal_cortex.c.obj
 .text.NVIC_EncodePriority
                0x08002134       0x66 cmake/stm32cubemx/CMakeFiles/STM32_Drivers.dir/__/__/Drivers/STM32WBxx_HAL_Driver/Src/stm32wbxx_hal_cortex.c.obj
 *fill*         0x0800219a        0x2 
 .text.SysTick_Config
                0x0800219c       0x44 cmake/stm32cubemx/CMakeFiles/STM32_Drivers.dir/__/__/Drivers/STM32WBxx_HAL_Driver/Src/stm32wbxx_hal_cortex.c.obj
 .text.HAL_NVIC_SetPriorityGrouping
                0x080021e0       0x16 cmake/stm32cubemx/CMakeFiles/STM32_Drivers.dir/__/__/Drivers/STM32WBxx_HAL_Driver/Src/stm32wbxx_hal_cortex.c.obj
                0x080021e0                HAL_NVIC_SetPriorityGrouping
 .text.HAL_NVIC_SetPriority
                0x080021f6       0x34 cmake/stm32cubemx/CMakeFiles/STM32_Drivers.dir/__/__/Drivers/STM32WBxx_HAL_Driver/Src/stm32wbxx_hal_cortex.c.obj
                0x080021f6                HAL_NVIC_SetPriority
 .text.HAL_NVIC_EnableIRQ
                0x0800222a       0x1c cmake/stm32cubemx/CMakeFiles/STM32_Drivers.dir/__/__/Drivers/STM32WBxx_HAL_Driver/Src/stm32wbxx_hal_cortex.c.obj
                0x0800222a                HAL_NVIC_EnableIRQ
 .text.HAL_SYSTICK_Config
                0x08002246       0x18 cmake/stm32cubemx/CMakeFiles/STM32_Drivers.dir/__/__/Drivers/STM32WBxx_HAL_Driver/Src/stm32wbxx_hal_cortex.c.obj
                0x08002246                HAL_SYSTICK_Config
 *fill*         0x0800225e        0x2 
 .text.HAL_Init
                0x08002260       0x40 cmake/stm32cubemx/CMakeFiles/STM32_Drivers.dir/__/__/Drivers/STM32WBxx_HAL_Driver/Src/stm32wbxx_hal.c.obj
                0x08002260                HAL_Init
 .text.HAL_InitTick
                0x080022a0       0x74 cmake/stm32cubemx/CMakeFiles/STM32_Drivers.dir/__/__/Drivers/STM32WBxx_HAL_Driver/Src/stm32wbxx_hal.c.obj
                0x080022a0                HAL_InitTick
 .text.HAL_IncTick
                0x08002314       0x28 cmake/stm32cubemx/CMakeFiles/STM32_Drivers.dir/__/__/Drivers/STM32WBxx_HAL_Driver/Src/stm32wbxx_hal.c.obj
                0x08002314                HAL_IncTick
 .text.HAL_GetTick
                0x0800233c       0x18 cmake/stm32cubemx/CMakeFiles/STM32_Drivers.dir/__/__/Drivers/STM32WBxx_HAL_Driver/Src/stm32wbxx_hal.c.obj
                0x0800233c                HAL_GetTick
 .text.HAL_GetTickPrio
                0x08002354       0x18 cmake/stm32cubemx/CMakeFiles/STM32_Drivers.dir/__/__/Drivers/STM32WBxx_HAL_Driver/Src/stm32wbxx_hal.c.obj
                0x08002354                HAL_GetTickPrio
 .text.HAL_TIM_Base_Init
                0x0800236c       0xae cmake/stm32cubemx/CMakeFiles/STM32_Drivers.dir/__/__/Drivers/STM32WBxx_HAL_Driver/Src/stm32wbxx_hal_tim.c.obj
                0x0800236c                HAL_TIM_Base_Init
 .text.HAL_TIM_PWM_Init
                0x0800241a       0xae cmake/stm32cubemx/CMakeFiles/STM32_Drivers.dir/__/__/Drivers/STM32WBxx_HAL_Driver/Src/stm32wbxx_hal_tim.c.obj
                0x0800241a                HAL_TIM_PWM_Init
 .text.HAL_TIM_PWM_MspInit
                0x080024c8       0x14 cmake/stm32cubemx/CMakeFiles/STM32_Drivers.dir/__/__/Drivers/STM32WBxx_HAL_Driver/Src/stm32wbxx_hal_tim.c.obj
                0x080024c8                HAL_TIM_PWM_MspInit
 .text.HAL_TIM_PWM_Start
                0x080024dc      0x1b4 cmake/stm32cubemx/CMakeFiles/STM32_Drivers.dir/__/__/Drivers/STM32WBxx_HAL_Driver/Src/stm32wbxx_hal_tim.c.obj
                0x080024dc                HAL_TIM_PWM_Start
 .text.HAL_TIM_PWM_ConfigChannel
                0x08002690      0x228 cmake/stm32cubemx/CMakeFiles/STM32_Drivers.dir/__/__/Drivers/STM32WBxx_HAL_Driver/Src/stm32wbxx_hal_tim.c.obj
                0x08002690                HAL_TIM_PWM_ConfigChannel
 .text.HAL_TIM_ConfigClockSource
                0x080028b8      0x192 cmake/stm32cubemx/CMakeFiles/STM32_Drivers.dir/__/__/Drivers/STM32WBxx_HAL_Driver/Src/stm32wbxx_hal_tim.c.obj
                0x080028b8                HAL_TIM_ConfigClockSource
 *fill*         0x08002a4a        0x2 
 .text.TIM_Base_SetConfig
                0x08002a4c       0xd4 cmake/stm32cubemx/CMakeFiles/STM32_Drivers.dir/__/__/Drivers/STM32WBxx_HAL_Driver/Src/stm32wbxx_hal_tim.c.obj
                0x08002a4c                TIM_Base_SetConfig
 .text.TIM_OC1_SetConfig
                0x08002b20       0xfc cmake/stm32cubemx/CMakeFiles/STM32_Drivers.dir/__/__/Drivers/STM32WBxx_HAL_Driver/Src/stm32wbxx_hal_tim.c.obj
 .text.TIM_OC2_SetConfig
                0x08002c1c       0xf8 cmake/stm32cubemx/CMakeFiles/STM32_Drivers.dir/__/__/Drivers/STM32WBxx_HAL_Driver/Src/stm32wbxx_hal_tim.c.obj
                0x08002c1c                TIM_OC2_SetConfig
 .text.TIM_OC3_SetConfig
                0x08002d14       0xf4 cmake/stm32cubemx/CMakeFiles/STM32_Drivers.dir/__/__/Drivers/STM32WBxx_HAL_Driver/Src/stm32wbxx_hal_tim.c.obj
 .text.TIM_OC4_SetConfig
                0x08002e08       0xbc cmake/stm32cubemx/CMakeFiles/STM32_Drivers.dir/__/__/Drivers/STM32WBxx_HAL_Driver/Src/stm32wbxx_hal_tim.c.obj
 .text.TIM_OC5_SetConfig
                0x08002ec4       0xb0 cmake/stm32cubemx/CMakeFiles/STM32_Drivers.dir/__/__/Drivers/STM32WBxx_HAL_Driver/Src/stm32wbxx_hal_tim.c.obj
 .text.TIM_OC6_SetConfig
                0x08002f74       0xb4 cmake/stm32cubemx/CMakeFiles/STM32_Drivers.dir/__/__/Drivers/STM32WBxx_HAL_Driver/Src/stm32wbxx_hal_tim.c.obj
 .text.TIM_TI1_ConfigInputStage
                0x08003028       0x90 cmake/stm32cubemx/CMakeFiles/STM32_Drivers.dir/__/__/Drivers/STM32WBxx_HAL_Driver/Src/stm32wbxx_hal_tim.c.obj
 .text.TIM_TI2_ConfigInputStage
                0x080030b8       0x78 cmake/stm32cubemx/CMakeFiles/STM32_Drivers.dir/__/__/Drivers/STM32WBxx_HAL_Driver/Src/stm32wbxx_hal_tim.c.obj
 .text.TIM_ITRx_SetConfig
                0x08003130       0x3a cmake/stm32cubemx/CMakeFiles/STM32_Drivers.dir/__/__/Drivers/STM32WBxx_HAL_Driver/Src/stm32wbxx_hal_tim.c.obj
 .text.TIM_ETR_SetConfig
                0x0800316a       0x40 cmake/stm32cubemx/CMakeFiles/STM32_Drivers.dir/__/__/Drivers/STM32WBxx_HAL_Driver/Src/stm32wbxx_hal_tim.c.obj
                0x0800316a                TIM_ETR_SetConfig
 .text.TIM_CCxChannelCmd
                0x080031aa       0x4a cmake/stm32cubemx/CMakeFiles/STM32_Drivers.dir/__/__/Drivers/STM32WBxx_HAL_Driver/Src/stm32wbxx_hal_tim.c.obj
                0x080031aa                TIM_CCxChannelCmd
 .text.HAL_TIMEx_MasterConfigSynchronization
                0x080031f4       0xc0 cmake/stm32cubemx/CMakeFiles/STM32_Drivers.dir/__/__/Drivers/STM32WBxx_HAL_Driver/Src/stm32wbxx_hal_tim_ex.c.obj
                0x080031f4                HAL_TIMEx_MasterConfigSynchronization
 .text.HAL_TIMEx_ConfigBreakDeadTime
                0x080032b4      0x10c cmake/stm32cubemx/CMakeFiles/STM32_Drivers.dir/__/__/Drivers/STM32WBxx_HAL_Driver/Src/stm32wbxx_hal_tim_ex.c.obj
                0x080032b4                HAL_TIMEx_ConfigBreakDeadTime
 .text.LL_AHB2_GRP1_EnableClock
                0x080033c0       0x32 CMakeFiles/blink_pwm3.dir/Core/Src/main.c.obj
 *fill*         0x080033f2        0x2 
 .text.main     0x080033f4       0x80 CMakeFiles/blink_pwm3.dir/Core/Src/main.c.obj
                0x080033f4                main
 .text.HAL_GPIO_EXTI_Callback
                0x08003474       0x4c CMakeFiles/blink_pwm3.dir/Core/Src/main.c.obj
                0x08003474                HAL_GPIO_EXTI_Callback
 .text.SystemClock_Config
                0x080034c0       0xb0 CMakeFiles/blink_pwm3.dir/Core/Src/main.c.obj
                0x080034c0                SystemClock_Config
 .text.PeriphCommonClock_Config
                0x08003570       0x3a CMakeFiles/blink_pwm3.dir/Core/Src/main.c.obj
                0x08003570                PeriphCommonClock_Config
 *fill*         0x080035aa        0x2 
 .text.MX_TIM1_Init
                0x080035ac      0x164 CMakeFiles/blink_pwm3.dir/Core/Src/main.c.obj
 .text.MX_GPIO_Init
                0x08003710       0xe0 CMakeFiles/blink_pwm3.dir/Core/Src/main.c.obj
 .text.Error_Handler
                0x080037f0        0xc CMakeFiles/blink_pwm3.dir/Core/Src/main.c.obj
                0x080037f0                Error_Handler
 .text.NMI_Handler
                0x080037fc        0x8 CMakeFiles/blink_pwm3.dir/Core/Src/stm32wbxx_it.c.obj
                0x080037fc                NMI_Handler
 .text.HardFault_Handler
                0x08003804        0x8 CMakeFiles/blink_pwm3.dir/Core/Src/stm32wbxx_it.c.obj
                0x08003804                HardFault_Handler
 .text.MemManage_Handler
                0x0800380c        0x8 CMakeFiles/blink_pwm3.dir/Core/Src/stm32wbxx_it.c.obj
                0x0800380c                MemManage_Handler
 .text.BusFault_Handler
                0x08003814        0x8 CMakeFiles/blink_pwm3.dir/Core/Src/stm32wbxx_it.c.obj
                0x08003814                BusFault_Handler
 .text.UsageFault_Handler
                0x0800381c        0x8 CMakeFiles/blink_pwm3.dir/Core/Src/stm32wbxx_it.c.obj
                0x0800381c                UsageFault_Handler
 .text.SVC_Handler
                0x08003824        0xe CMakeFiles/blink_pwm3.dir/Core/Src/stm32wbxx_it.c.obj
                0x08003824                SVC_Handler
 .text.DebugMon_Handler
                0x08003832        0xe CMakeFiles/blink_pwm3.dir/Core/Src/stm32wbxx_it.c.obj
                0x08003832                DebugMon_Handler
 .text.PendSV_Handler
                0x08003840        0xe CMakeFiles/blink_pwm3.dir/Core/Src/stm32wbxx_it.c.obj
                0x08003840                PendSV_Handler
 .text.SysTick_Handler
                0x0800384e        0xc CMakeFiles/blink_pwm3.dir/Core/Src/stm32wbxx_it.c.obj
                0x0800384e                SysTick_Handler
 .text.EXTI0_IRQHandler
                0x0800385a        0xe CMakeFiles/blink_pwm3.dir/Core/Src/stm32wbxx_it.c.obj
                0x0800385a                EXTI0_IRQHandler
 .text.EXTI1_IRQHandler
                0x08003868        0xe CMakeFiles/blink_pwm3.dir/Core/Src/stm32wbxx_it.c.obj
                0x08003868                EXTI1_IRQHandler
 .text.EXTI4_IRQHandler
                0x08003876        0xe CMakeFiles/blink_pwm3.dir/Core/Src/stm32wbxx_it.c.obj
                0x08003876                EXTI4_IRQHandler
 .text.LL_AHB2_GRP1_EnableClock
                0x08003884       0x32 CMakeFiles/blink_pwm3.dir/Core/Src/stm32wbxx_hal_msp.c.obj
 .text.LL_APB2_GRP1_EnableClock
                0x080038b6       0x32 CMakeFiles/blink_pwm3.dir/Core/Src/stm32wbxx_hal_msp.c.obj
 .text.HAL_MspInit
                0x080038e8        0xe CMakeFiles/blink_pwm3.dir/Core/Src/stm32wbxx_hal_msp.c.obj
                0x080038e8                HAL_MspInit
 *fill*         0x080038f6        0x2 
 .text.HAL_TIM_Base_MspInit
                0x080038f8       0x28 CMakeFiles/blink_pwm3.dir/Core/Src/stm32wbxx_hal_msp.c.obj
                0x080038f8                HAL_TIM_Base_MspInit
 .text.HAL_TIM_MspPostInit
                0x08003920       0x58 CMakeFiles/blink_pwm3.dir/Core/Src/stm32wbxx_hal_msp.c.obj
                0x08003920                HAL_TIM_MspPostInit
 .text.data_initializers
                0x08003978       0x18 CMakeFiles/blink_pwm3.dir/startup_stm32wb55xx_cm4.s.obj
 .text.Reset_Handler
                0x08003990       0x58 CMakeFiles/blink_pwm3.dir/startup_stm32wb55xx_cm4.s.obj
                0x08003990                Reset_Handler
 .text.Default_Handler
                0x080039e8        0x2 CMakeFiles/blink_pwm3.dir/startup_stm32wb55xx_cm4.s.obj
                0x080039e8                RTC_Alarm_IRQHandler
                0x080039e8                EXTI2_IRQHandler
                0x080039e8                TIM1_CC_IRQHandler
                0x080039e8                TSC_IRQHandler
                0x080039e8                USB_HP_IRQHandler
                0x080039e8                EXTI3_IRQHandler
                0x080039e8                LPTIM2_IRQHandler
                0x080039e8                I2C3_ER_IRQHandler
                0x080039e8                FPU_IRQHandler
                0x080039e8                TIM1_UP_TIM16_IRQHandler
                0x080039e8                AES1_IRQHandler
                0x080039e8                SPI1_IRQHandler
                0x080039e8                PWR_SOTF_BLEACT_802ACT_RFPHASE_IRQHandler
                0x080039e8                DMA2_Channel2_IRQHandler
                0x080039e8                DMA1_Channel4_IRQHandler
                0x080039e8                ADC1_IRQHandler
                0x080039e8                PKA_IRQHandler
                0x080039e8                DMA1_Channel7_IRQHandler
                0x080039e8                LCD_IRQHandler
                0x080039e8                IPCC_C1_TX_IRQHandler
                0x080039e8                DMA2_Channel1_IRQHandler
                0x080039e8                QUADSPI_IRQHandler
                0x080039e8                I2C1_EV_IRQHandler
                0x080039e8                DMAMUX1_OVR_IRQHandler
                0x080039e8                DMA1_Channel6_IRQHandler
                0x080039e8                DMA2_Channel4_IRQHandler
                0x080039e8                RCC_IRQHandler
                0x080039e8                DMA1_Channel1_IRQHandler
                0x080039e8                Default_Handler
                0x080039e8                DMA2_Channel7_IRQHandler
                0x080039e8                EXTI15_10_IRQHandler
                0x080039e8                IPCC_C1_RX_IRQHandler
                0x080039e8                C2SEV_PWR_C2H_IRQHandler
                0x080039e8                AES2_IRQHandler
                0x080039e8                I2C3_EV_IRQHandler
                0x080039e8                EXTI9_5_IRQHandler
                0x080039e8                RTC_WKUP_IRQHandler
                0x080039e8                PVD_PVM_IRQHandler
                0x080039e8                SPI2_IRQHandler
                0x080039e8                DMA2_Channel5_IRQHandler
                0x080039e8                CRS_IRQHandler
                0x080039e8                DMA1_Channel5_IRQHandler
                0x080039e8                USB_LP_IRQHandler
                0x080039e8                RNG_IRQHandler
                0x080039e8                TIM1_TRG_COM_TIM17_IRQHandler
                0x080039e8                TAMP_STAMP_LSECSS_IRQHandler
                0x080039e8                DMA1_Channel3_IRQHandler
                0x080039e8                COMP_IRQHandler
                0x080039e8                HSEM_IRQHandler
                0x080039e8                WWDG_IRQHandler
                0x080039e8                LPUART1_IRQHandler
                0x080039e8                DMA2_Channel6_IRQHandler
                0x080039e8                TIM2_IRQHandler
                0x080039e8                TIM1_BRK_IRQHandler
                0x080039e8                DMA1_Channel2_IRQHandler
                0x080039e8                FLASH_IRQHandler
                0x080039e8                USART1_IRQHandler
                0x080039e8                I2C1_ER_IRQHandler
                0x080039e8                LPTIM1_IRQHandler
                0x080039e8                SAI1_IRQHandler
                0x080039e8                DMA2_Channel3_IRQHandler
 .text.memset   0x080039ea       0x10 C:/Users/Jeff/AppData/Local/stm32cube/bundles/gnu-tools-for-stm32/14.3.1+st.2/bin/../lib/gcc/arm-none-eabi/14.3.1/../../../../arm-none-eabi/lib/thumb/v7e-m+fp/hard\libg_nano.a(libc_a-memset.o)
                0x080039ea                memset
 *fill*         0x080039fa        0x2 
 .text.__libc_init_array
                0x080039fc       0x48 C:/Users/Jeff/AppData/Local/stm32cube/bundles/gnu-tools-for-stm32/14.3.1+st.2/bin/../lib/gcc/arm-none-eabi/14.3.1/../../../../arm-none-eabi/lib/thumb/v7e-m+fp/hard\libg_nano.a(libc_a-init.o)
                0x080039fc                __libc_init_array
 *(.glue_7)
 .glue_7        0x08003a44        0x0 linker stubs
 *(.glue_7t)
 .glue_7t       0x08003a44        0x0 linker stubs
 *(.eh_frame)
 .eh_frame      0x08003a44        0x0 C:/Users/Jeff/AppData/Local/stm32cube/bundles/gnu-tools-for-stm32/14.3.1+st.2/bin/../lib/gcc/arm-none-eabi/14.3.1/thumb/v7e-m+fp/hard/crtbegin.o
 *(.init)
 .init          0x08003a44        0x4 C:/Users/Jeff/AppData/Local/stm32cube/bundles/gnu-tools-for-stm32/14.3.1+st.2/bin/../lib/gcc/arm-none-eabi/14.3.1/thumb/v7e-m+fp/hard/crti.o
                0x08003a44                _init
 .init          0x08003a48        0x8 C:/Users/Jeff/AppData/Local/stm32cube/bundles/gnu-tools-for-stm32/14.3.1+st.2/bin/../lib/gcc/arm-none-eabi/14.3.1/thumb/v7e-m+fp/hard/crtn.o
 *(.fini)
 .fini          0x08003a50        0x4 C:/Users/Jeff/AppData/Local/stm32cube/bundles/gnu-tools-for-stm32/14.3.1+st.2/bin/../lib/gcc/arm-none-eabi/14.3.1/thumb/v7e-m+fp/hard/crti.o
                0x08003a50                _fini
 .fini          0x08003a54        0x8 C:/Users/Jeff/AppData/Local/stm32cube/bundles/gnu-tools-for-stm32/14.3.1+st.2/bin/../lib/gcc/arm-none-eabi/14.3.1/thumb/v7e-m+fp/hard/crtn.o
                0x08003a5c                        . = ALIGN (0x4)
                0x08003a5c                        _etext = .

.vfp11_veneer   0x08003a5c        0x0
 .vfp11_veneer  0x08003a5c        0x0 linker stubs

.v4_bx          0x08003a5c        0x0
 .v4_bx         0x08003a5c        0x0 linker stubs

.iplt           0x08003a5c        0x0
 .iplt          0x08003a5c        0x0 C:/Users/Jeff/AppData/Local/stm32cube/bundles/gnu-tools-for-stm32/14.3.1+st.2/bin/../lib/gcc/arm-none-eabi/14.3.1/thumb/v7e-m+fp/hard/crtbegin.o

.rodata         0x08003a5c       0xac
                0x08003a5c                        . = ALIGN (0x4)
 *(.rodata)
 .rodata        0x08003a5c       0x2c cmake/stm32cubemx/CMakeFiles/STM32_Drivers.dir/__/__/Drivers/STM32WBxx_HAL_Driver/Src/stm32wbxx_hal_rcc.c.obj
 *(.rodata*)
 .rodata.AHBPrescTable
                0x08003a88       0x40 cmake/stm32cubemx/CMakeFiles/STM32_Drivers.dir/__/__/Core/Src/system_stm32wbxx.c.obj
                0x08003a88                AHBPrescTable
 .rodata.MSIRangeTable
                0x08003ac8       0x40 cmake/stm32cubemx/CMakeFiles/STM32_Drivers.dir/__/__/Core/Src/system_stm32wbxx.c.obj
                0x08003ac8                MSIRangeTable
                0x08003b08                        . = ALIGN (0x4)

.ARM.extab
 *(.ARM.extab* .gnu.linkonce.armextab.*)

.ARM            0x08003b08        0x0
                0x08003b08                        __exidx_start = .
 *(.ARM.exidx*)
                0x08003b08                        __exidx_end = .

.preinit_array  0x08003b08        0x0
                0x08003b08                        PROVIDE (__preinit_array_start = .)
 *(.preinit_array*)
                0x08003b08                        PROVIDE (__preinit_array_end = .)

.init_array     0x08003b08        0x4
                0x08003b08                        PROVIDE (__init_array_start = .)
 *(SORT_BY_NAME(.init_array.*))
 *(.init_array*)
 .init_array    0x08003b08        0x4 C:/Users/Jeff/AppData/Local/stm32cube/bundles/gnu-tools-for-stm32/14.3.1+st.2/bin/../lib/gcc/arm-none-eabi/14.3.1/thumb/v7e-m+fp/hard/crtbegin.o
                0x08003b0c                        PROVIDE (__init_array_end = .)

.fini_array     0x08003b0c        0x4
                [!provide]                        PROVIDE (__fini_array_start = .)
 *(SORT_BY_NAME(.fini_array.*))
 *(.fini_array*)
 .fini_array    0x08003b0c        0x4 C:/Users/Jeff/AppData/Local/stm32cube/bundles/gnu-tools-for-stm32/14.3.1+st.2/bin/../lib/gcc/arm-none-eabi/14.3.1/thumb/v7e-m+fp/hard/crtbegin.o
                [!provide]                        PROVIDE (__fini_array_end = .)
                0x08003b10                        _sidata = LOADADDR (.data)

.rel.dyn        0x08003b10        0x0
 .rel.iplt      0x08003b10        0x0 C:/Users/Jeff/AppData/Local/stm32cube/bundles/gnu-tools-for-stm32/14.3.1+st.2/bin/../lib/gcc/arm-none-eabi/14.3.1/thumb/v7e-m+fp/hard/crtbegin.o

.data           0x20000008        0xc load address 0x08003b10
                0x20000008                        . = ALIGN (0x4)
                0x20000008                        _sdata = .
 *(.data)
 *(.data*)
 .data.SystemCoreClock
                0x20000008        0x4 cmake/stm32cubemx/CMakeFiles/STM32_Drivers.dir/__/__/Core/Src/system_stm32wbxx.c.obj
                0x20000008                SystemCoreClock
 .data.uwTickPrio
                0x2000000c        0x4 cmake/stm32cubemx/CMakeFiles/STM32_Drivers.dir/__/__/Drivers/STM32WBxx_HAL_Driver/Src/stm32wbxx_hal.c.obj
                0x2000000c                uwTickPrio
 .data.uwTickFreq
                0x20000010        0x1 cmake/stm32cubemx/CMakeFiles/STM32_Drivers.dir/__/__/Drivers/STM32WBxx_HAL_Driver/Src/stm32wbxx_hal.c.obj
                0x20000010                uwTickFreq
                0x20000014                        . = ALIGN (0x4)
 *fill*         0x20000011        0x3 

.igot.plt       0x20000014        0x0 load address 0x08003b1c
 .igot.plt      0x20000014        0x0 C:/Users/Jeff/AppData/Local/stm32cube/bundles/gnu-tools-for-stm32/14.3.1+st.2/bin/../lib/gcc/arm-none-eabi/14.3.1/thumb/v7e-m+fp/hard/crtbegin.o

.tdata          0x20000014        0x0 load address 0x08003b1c
 *(.tdata .tdata.* .gnu.linkonce.td.*)
                0x20000014                        . = ALIGN (0x4)
                0x20000014                        _edata = .
                [!provide]                        PROVIDE (__data_end = .)
                [!provide]                        PROVIDE (__tdata_end = .)
                [!provide]                        PROVIDE (__tdata_start = ADDR (.tdata))
                [!provide]                        PROVIDE (__tdata_size = (__tdata_end - __tdata_start))
                [!provide]                        PROVIDE (__data_start = ADDR (.data))
                [!provide]                        PROVIDE (__data_size = (__data_end - __data_start))
                [!provide]                        PROVIDE (__tdata_source = LOADADDR (.tdata))
                [!provide]                        PROVIDE (__tdata_source_end = (LOADADDR (.tdata) + SIZEOF (.tdata)))
                [!provide]                        PROVIDE (__tdata_source_size = (__tdata_source_end - __tdata_source))
                [!provide]                        PROVIDE (__data_source = LOADADDR (.data))
                [!provide]                        PROVIDE (__data_source_end = __tdata_source_end)
                [!provide]                        PROVIDE (__data_source_size = (__data_source_end - __data_source))

.tbss           0x20000014        0x0 load address 0x08003b1c
                0x20000014                        _sbss = .
                0x20000014                        __bss_start__ = _sbss
 *(.tbss .tbss.*)
                0x20000014                        . = ALIGN (0x4)
                [!provide]                        PROVIDE (__tbss_end = .)
                [!provide]                        PROVIDE (__tbss_start = ADDR (.tbss))
                [!provide]                        PROVIDE (__tbss_size = (__tbss_end - __tbss_start))
                [!provide]                        PROVIDE (__tbss_offset = (ADDR (.tbss) - ADDR (.tdata)))
                [!provide]                        PROVIDE (__tls_base = __tdata_start)
                [!provide]                        PROVIDE (__tls_end = __tbss_end)
                [!provide]                        PROVIDE (__tls_size = (__tls_end - __tls_base))
                [!provide]                        PROVIDE (__tls_align = MAX (ALIGNOF (.tdata), ALIGNOF (.tbss)))
                [!provide]                        PROVIDE (__tls_size_align = (((__tls_size + __tls_align) - 0x1) & ~ ((__tls_align - 0x1))))
                [!provide]                        PROVIDE (__arm32_tls_tcb_offset = MAX (0x8, __tls_align))
                [!provide]                        PROVIDE (__arm64_tls_tcb_offset = MAX (0x10, __tls_align))

.bss            0x20000014       0x70 load address 0x08003b1c
 *(.bss)
 .bss           0x20000014       0x1c C:/Users/Jeff/AppData/Local/stm32cube/bundles/gnu-tools-for-stm32/14.3.1+st.2/bin/../lib/gcc/arm-none-eabi/14.3.1/thumb/v7e-m+fp/hard/crtbegin.o
 *(.bss*)
 .bss.uwTick    0x20000030        0x4 cmake/stm32cubemx/CMakeFiles/STM32_Drivers.dir/__/__/Drivers/STM32WBxx_HAL_Driver/Src/stm32wbxx_hal.c.obj
                0x20000030                uwTick
 .bss.htim1     0x20000034       0x4c CMakeFiles/blink_pwm3.dir/Core/Src/main.c.obj
                0x20000034                htim1
 .bss.sw1_pressed
                0x20000080        0x1 CMakeFiles/blink_pwm3.dir/Core/Src/main.c.obj
                0x20000080                sw1_pressed
 .bss.sw2_pressed
                0x20000081        0x1 CMakeFiles/blink_pwm3.dir/Core/Src/main.c.obj
                0x20000081                sw2_pressed
 .bss.sw3_pressed
                0x20000082        0x1 CMakeFiles/blink_pwm3.dir/Core/Src/main.c.obj
                0x20000082                sw3_pressed
 *(COMMON)
                0x20000084                        . = ALIGN (0x4)
 *fill*         0x20000083        0x1 
                0x20000084                        _ebss = .
                0x20000084                        __bss_end__ = _ebss
                [!provide]                        PROVIDE (__bss_end = .)
                [!provide]                        PROVIDE (__non_tls_bss_start = ADDR (.bss))
                [!provide]                        PROVIDE (__bss_start = __tbss_start)
                [!provide]                        PROVIDE (__bss_size = (__bss_end - __bss_start))

._user_heap_stack
                0x20000084      0x604 load address 0x08003b1c
                0x20000088                        . = ALIGN (0x8)
 *fill*         0x20000084        0x4 
                [!provide]                        PROVIDE (end = .)
                0x20000088                        PROVIDE (_end = .)
                0x20000288                        . = (. + _Min_Heap_Size)
 *fill*         0x20000088      0x200 
                0x20000688                        . = (. + _Min_Stack_Size)
 *fill*         0x20000288      0x400 
                0x20000688                        . = ALIGN (0x8)

/DISCARD/
 libc.a:*(*)
 libm.a:*(*)
 libgcc.a:*(*)

.ARM.attributes
                0x00000000       0x30
 *(.ARM.attributes)
 .ARM.attributes
                0x00000000       0x22 C:/Users/Jeff/AppData/Local/stm32cube/bundles/gnu-tools-for-stm32/14.3.1+st.2/bin/../lib/gcc/arm-none-eabi/14.3.1/thumb/v7e-m+fp/hard/crti.o
 .ARM.attributes
                0x00000022       0x34 C:/Users/Jeff/AppData/Local/stm32cube/bundles/gnu-tools-for-stm32/14.3.1+st.2/bin/../lib/gcc/arm-none-eabi/14.3.1/thumb/v7e-m+fp/hard/crtbegin.o
 .ARM.attributes
                0x00000056       0x34 cmake/stm32cubemx/CMakeFiles/STM32_Drivers.dir/__/__/Core/Src/system_stm32wbxx.c.obj
 .ARM.attributes
                0x0000008a       0x34 cmake/stm32cubemx/CMakeFiles/STM32_Drivers.dir/__/__/Drivers/STM32WBxx_HAL_Driver/Src/stm32wbxx_hal_rcc.c.obj
 .ARM.attributes
                0x000000be       0x34 cmake/stm32cubemx/CMakeFiles/STM32_Drivers.dir/__/__/Drivers/STM32WBxx_HAL_Driver/Src/stm32wbxx_hal_rcc_ex.c.obj
 .ARM.attributes
                0x000000f2       0x34 cmake/stm32cubemx/CMakeFiles/STM32_Drivers.dir/__/__/Drivers/STM32WBxx_HAL_Driver/Src/stm32wbxx_hal_gpio.c.obj
 .ARM.attributes
                0x00000126       0x34 cmake/stm32cubemx/CMakeFiles/STM32_Drivers.dir/__/__/Drivers/STM32WBxx_HAL_Driver/Src/stm32wbxx_hal_pwr.c.obj
 .ARM.attributes
                0x0000015a       0x34 cmake/stm32cubemx/CMakeFiles/STM32_Drivers.dir/__/__/Drivers/STM32WBxx_HAL_Driver/Src/stm32wbxx_hal_pwr_ex.c.obj
 .ARM.attributes
                0x0000018e       0x34 cmake/stm32cubemx/CMakeFiles/STM32_Drivers.dir/__/__/Drivers/STM32WBxx_HAL_Driver/Src/stm32wbxx_hal_cortex.c.obj
 .ARM.attributes
                0x000001c2       0x34 cmake/stm32cubemx/CMakeFiles/STM32_Drivers.dir/__/__/Drivers/STM32WBxx_HAL_Driver/Src/stm32wbxx_hal.c.obj
 .ARM.attributes
                0x000001f6       0x34 cmake/stm32cubemx/CMakeFiles/STM32_Drivers.dir/__/__/Drivers/STM32WBxx_HAL_Driver/Src/stm32wbxx_hal_tim.c.obj
 .ARM.attributes
                0x0000022a       0x34 cmake/stm32cubemx/CMakeFiles/STM32_Drivers.dir/__/__/Drivers/STM32WBxx_HAL_Driver/Src/stm32wbxx_hal_tim_ex.c.obj
 .ARM.attributes
                0x0000025e       0x34 CMakeFiles/blink_pwm3.dir/Core/Src/main.c.obj
 .ARM.attributes
                0x00000292       0x34 CMakeFiles/blink_pwm3.dir/Core/Src/stm32wbxx_it.c.obj
 .ARM.attributes
                0x000002c6       0x34 CMakeFiles/blink_pwm3.dir/Core/Src/stm32wbxx_hal_msp.c.obj
 .ARM.attributes
                0x000002fa       0x21 CMakeFiles/blink_pwm3.dir/startup_stm32wb55xx_cm4.s.obj
 .ARM.attributes
                0x0000031b       0x34 C:/Users/Jeff/AppData/Local/stm32cube/bundles/gnu-tools-for-stm32/14.3.1+st.2/bin/../lib/gcc/arm-none-eabi/14.3.1/../../../../arm-none-eabi/lib/thumb/v7e-m+fp/hard\libg_nano.a(libc_a-memset.o)
 .ARM.attributes
                0x0000034f       0x34 C:/Users/Jeff/AppData/Local/stm32cube/bundles/gnu-tools-for-stm32/14.3.1+st.2/bin/../lib/gcc/arm-none-eabi/14.3.1/../../../../arm-none-eabi/lib/thumb/v7e-m+fp/hard\libg_nano.a(libc_a-init.o)
 .ARM.attributes
                0x00000383       0x22 C:/Users/Jeff/AppData/Local/stm32cube/bundles/gnu-tools-for-stm32/14.3.1+st.2/bin/../lib/gcc/arm-none-eabi/14.3.1/thumb/v7e-m+fp/hard/crtn.o

MAPPING_TABLE
 *(MAPPING_TABLE)

MB_MEM1
 *(MB_MEM1)
                0x08003b1c                        _siMB_MEM2 = LOADADDR (.MB_MEM2)

.MB_MEM2        0x20030000        0x0 load address 0x08003b1c
                0x20030000                        _sMB_MEM2 = .
 *(MB_MEM2)
                0x20030000                        _eMB_MEM2 = .
OUTPUT(blink_pwm3.elf elf32-littlearm)
LOAD linker stubs

.debug_info     0x00000000     0xe4b7
 .debug_info    0x00000000      0x703 cmake/stm32cubemx/CMakeFiles/STM32_Drivers.dir/__/__/Core/Src/system_stm32wbxx.c.obj
 .debug_info    0x00000703     0x14d6 cmake/stm32cubemx/CMakeFiles/STM32_Drivers.dir/__/__/Drivers/STM32WBxx_HAL_Driver/Src/stm32wbxx_hal_rcc.c.obj
 .debug_info    0x00001bd9     0x1c45 cmake/stm32cubemx/CMakeFiles/STM32_Drivers.dir/__/__/Drivers/STM32WBxx_HAL_Driver/Src/stm32wbxx_hal_rcc_ex.c.obj
 .debug_info    0x0000381e      0x6b9 cmake/stm32cubemx/CMakeFiles/STM32_Drivers.dir/__/__/Drivers/STM32WBxx_HAL_Driver/Src/stm32wbxx_hal_gpio.c.obj
 .debug_info    0x00003ed7      0x904 cmake/stm32cubemx/CMakeFiles/STM32_Drivers.dir/__/__/Drivers/STM32WBxx_HAL_Driver/Src/stm32wbxx_hal_pwr.c.obj
 .debug_info    0x000047db     0x105d cmake/stm32cubemx/CMakeFiles/STM32_Drivers.dir/__/__/Drivers/STM32WBxx_HAL_Driver/Src/stm32wbxx_hal_pwr_ex.c.obj
 .debug_info    0x00005838      0xccd cmake/stm32cubemx/CMakeFiles/STM32_Drivers.dir/__/__/Drivers/STM32WBxx_HAL_Driver/Src/stm32wbxx_hal_cortex.c.obj
 .debug_info    0x00006505     0x12ae cmake/stm32cubemx/CMakeFiles/STM32_Drivers.dir/__/__/Drivers/STM32WBxx_HAL_Driver/Src/stm32wbxx_hal.c.obj
 .debug_info    0x000077b3     0x2bc0 cmake/stm32cubemx/CMakeFiles/STM32_Drivers.dir/__/__/Drivers/STM32WBxx_HAL_Driver/Src/stm32wbxx_hal_tim.c.obj
 .debug_info    0x0000a373     0x189e cmake/stm32cubemx/CMakeFiles/STM32_Drivers.dir/__/__/Drivers/STM32WBxx_HAL_Driver/Src/stm32wbxx_hal_tim_ex.c.obj
 .debug_info    0x0000bc11     0x17e7 CMakeFiles/blink_pwm3.dir/Core/Src/main.c.obj
 .debug_info    0x0000d3f8      0x16c CMakeFiles/blink_pwm3.dir/Core/Src/stm32wbxx_it.c.obj
 .debug_info    0x0000d564      0xd38 CMakeFiles/blink_pwm3.dir/Core/Src/stm32wbxx_hal_msp.c.obj
 .debug_info    0x0000e29c       0x30 CMakeFiles/blink_pwm3.dir/startup_stm32wb55xx_cm4.s.obj
 .debug_info    0x0000e2cc       0xe0 C:/Users/Jeff/AppData/Local/stm32cube/bundles/gnu-tools-for-stm32/14.3.1+st.2/bin/../lib/gcc/arm-none-eabi/14.3.1/../../../../arm-none-eabi/lib/thumb/v7e-m+fp/hard\libg_nano.a(libc_a-memset.o)
 .debug_info    0x0000e3ac      0x10b C:/Users/Jeff/AppData/Local/stm32cube/bundles/gnu-tools-for-stm32/14.3.1+st.2/bin/../lib/gcc/arm-none-eabi/14.3.1/../../../../arm-none-eabi/lib/thumb/v7e-m+fp/hard\libg_nano.a(libc_a-init.o)

.debug_abbrev   0x00000000     0x2188
 .debug_abbrev  0x00000000      0x13b cmake/stm32cubemx/CMakeFiles/STM32_Drivers.dir/__/__/Core/Src/system_stm32wbxx.c.obj
 .debug_abbrev  0x0000013b      0x31b cmake/stm32cubemx/CMakeFiles/STM32_Drivers.dir/__/__/Drivers/STM32WBxx_HAL_Driver/Src/stm32wbxx_hal_rcc.c.obj
 .debug_abbrev  0x00000456      0x35a cmake/stm32cubemx/CMakeFiles/STM32_Drivers.dir/__/__/Drivers/STM32WBxx_HAL_Driver/Src/stm32wbxx_hal_rcc_ex.c.obj
 .debug_abbrev  0x000007b0      0x1ec cmake/stm32cubemx/CMakeFiles/STM32_Drivers.dir/__/__/Drivers/STM32WBxx_HAL_Driver/Src/stm32wbxx_hal_gpio.c.obj
 .debug_abbrev  0x0000099c      0x205 cmake/stm32cubemx/CMakeFiles/STM32_Drivers.dir/__/__/Drivers/STM32WBxx_HAL_Driver/Src/stm32wbxx_hal_pwr.c.obj
 .debug_abbrev  0x00000ba1      0x31c cmake/stm32cubemx/CMakeFiles/STM32_Drivers.dir/__/__/Drivers/STM32WBxx_HAL_Driver/Src/stm32wbxx_hal_pwr_ex.c.obj
 .debug_abbrev  0x00000ebd      0x319 cmake/stm32cubemx/CMakeFiles/STM32_Drivers.dir/__/__/Drivers/STM32WBxx_HAL_Driver/Src/stm32wbxx_hal_cortex.c.obj
 .debug_abbrev  0x000011d6      0x367 cmake/stm32cubemx/CMakeFiles/STM32_Drivers.dir/__/__/Drivers/STM32WBxx_HAL_Driver/Src/stm32wbxx_hal.c.obj
 .debug_abbrev  0x0000153d      0x277 cmake/stm32cubemx/CMakeFiles/STM32_Drivers.dir/__/__/Drivers/STM32WBxx_HAL_Driver/Src/stm32wbxx_hal_tim.c.obj
 .debug_abbrev  0x000017b4      0x295 cmake/stm32cubemx/CMakeFiles/STM32_Drivers.dir/__/__/Drivers/STM32WBxx_HAL_Driver/Src/stm32wbxx_hal_tim_ex.c.obj
 .debug_abbrev  0x00001a49      0x2f5 CMakeFiles/blink_pwm3.dir/Core/Src/main.c.obj
 .debug_abbrev  0x00001d3e       0xa0 CMakeFiles/blink_pwm3.dir/Core/Src/stm32wbxx_it.c.obj
 .debug_abbrev  0x00001dde      0x21f CMakeFiles/blink_pwm3.dir/Core/Src/stm32wbxx_hal_msp.c.obj
 .debug_abbrev  0x00001ffd       0x24 CMakeFiles/blink_pwm3.dir/startup_stm32wb55xx_cm4.s.obj
 .debug_abbrev  0x00002021       0x9e C:/Users/Jeff/AppData/Local/stm32cube/bundles/gnu-tools-for-stm32/14.3.1+st.2/bin/../lib/gcc/arm-none-eabi/14.3.1/../../../../arm-none-eabi/lib/thumb/v7e-m+fp/hard\libg_nano.a(libc_a-memset.o)
 .debug_abbrev  0x000020bf       0xc9 C:/Users/Jeff/AppData/Local/stm32cube/bundles/gnu-tools-for-stm32/14.3.1+st.2/bin/../lib/gcc/arm-none-eabi/14.3.1/../../../../arm-none-eabi/lib/thumb/v7e-m+fp/hard\libg_nano.a(libc_a-init.o)

.debug_aranges  0x00000000     0x1478
 .debug_aranges
                0x00000000       0x28 cmake/stm32cubemx/CMakeFiles/STM32_Drivers.dir/__/__/Core/Src/system_stm32wbxx.c.obj
 .debug_aranges
                0x00000028      0x270 cmake/stm32cubemx/CMakeFiles/STM32_Drivers.dir/__/__/Drivers/STM32WBxx_HAL_Driver/Src/stm32wbxx_hal_rcc.c.obj
 .debug_aranges
                0x00000298      0x390 cmake/stm32cubemx/CMakeFiles/STM32_Drivers.dir/__/__/Drivers/STM32WBxx_HAL_Driver/Src/stm32wbxx_hal_rcc_ex.c.obj
 .debug_aranges
                0x00000628       0x60 cmake/stm32cubemx/CMakeFiles/STM32_Drivers.dir/__/__/Drivers/STM32WBxx_HAL_Driver/Src/stm32wbxx_hal_gpio.c.obj
 .debug_aranges
                0x00000688       0xd0 cmake/stm32cubemx/CMakeFiles/STM32_Drivers.dir/__/__/Drivers/STM32WBxx_HAL_Driver/Src/stm32wbxx_hal_pwr.c.obj
 .debug_aranges
                0x00000758      0x288 cmake/stm32cubemx/CMakeFiles/STM32_Drivers.dir/__/__/Drivers/STM32WBxx_HAL_Driver/Src/stm32wbxx_hal_pwr_ex.c.obj
 .debug_aranges
                0x000009e0      0x118 cmake/stm32cubemx/CMakeFiles/STM32_Drivers.dir/__/__/Drivers/STM32WBxx_HAL_Driver/Src/stm32wbxx_hal_cortex.c.obj
 .debug_aranges
                0x00000af8      0x280 cmake/stm32cubemx/CMakeFiles/STM32_Drivers.dir/__/__/Drivers/STM32WBxx_HAL_Driver/Src/stm32wbxx_hal.c.obj
 .debug_aranges
                0x00000d78      0x3e0 cmake/stm32cubemx/CMakeFiles/STM32_Drivers.dir/__/__/Drivers/STM32WBxx_HAL_Driver/Src/stm32wbxx_hal_tim.c.obj
 .debug_aranges
                0x00001158      0x190 cmake/stm32cubemx/CMakeFiles/STM32_Drivers.dir/__/__/Drivers/STM32WBxx_HAL_Driver/Src/stm32wbxx_hal_tim_ex.c.obj
 .debug_aranges
                0x000012e8       0x58 CMakeFiles/blink_pwm3.dir/Core/Src/main.c.obj
 .debug_aranges
                0x00001340       0x78 CMakeFiles/blink_pwm3.dir/Core/Src/stm32wbxx_it.c.obj
 .debug_aranges
                0x000013b8       0x50 CMakeFiles/blink_pwm3.dir/Core/Src/stm32wbxx_hal_msp.c.obj
 .debug_aranges
                0x00001408       0x30 CMakeFiles/blink_pwm3.dir/startup_stm32wb55xx_cm4.s.obj
 .debug_aranges
                0x00001438       0x20 C:/Users/Jeff/AppData/Local/stm32cube/bundles/gnu-tools-for-stm32/14.3.1+st.2/bin/../lib/gcc/arm-none-eabi/14.3.1/../../../../arm-none-eabi/lib/thumb/v7e-m+fp/hard\libg_nano.a(libc_a-memset.o)
 .debug_aranges
                0x00001458       0x20 C:/Users/Jeff/AppData/Local/stm32cube/bundles/gnu-tools-for-stm32/14.3.1+st.2/bin/../lib/gcc/arm-none-eabi/14.3.1/../../../../arm-none-eabi/lib/thumb/v7e-m+fp/hard\libg_nano.a(libc_a-init.o)

.debug_rnglists
                0x00000000      0xf9a
 .debug_rnglists
                0x00000000       0x1b cmake/stm32cubemx/CMakeFiles/STM32_Drivers.dir/__/__/Core/Src/system_stm32wbxx.c.obj
 .debug_rnglists
                0x0000001b      0x1d6 cmake/stm32cubemx/CMakeFiles/STM32_Drivers.dir/__/__/Drivers/STM32WBxx_HAL_Driver/Src/stm32wbxx_hal_rcc.c.obj
 .debug_rnglists
                0x000001f1      0x2b6 cmake/stm32cubemx/CMakeFiles/STM32_Drivers.dir/__/__/Drivers/STM32WBxx_HAL_Driver/Src/stm32wbxx_hal_rcc_ex.c.obj
 .debug_rnglists
                0x000004a7       0x45 cmake/stm32cubemx/CMakeFiles/STM32_Drivers.dir/__/__/Drivers/STM32WBxx_HAL_Driver/Src/stm32wbxx_hal_gpio.c.obj
 .debug_rnglists
                0x000004ec       0x99 cmake/stm32cubemx/CMakeFiles/STM32_Drivers.dir/__/__/Drivers/STM32WBxx_HAL_Driver/Src/stm32wbxx_hal_pwr.c.obj
 .debug_rnglists
                0x00000585      0x1e8 cmake/stm32cubemx/CMakeFiles/STM32_Drivers.dir/__/__/Drivers/STM32WBxx_HAL_Driver/Src/stm32wbxx_hal_pwr_ex.c.obj
 .debug_rnglists
                0x0000076d       0xce cmake/stm32cubemx/CMakeFiles/STM32_Drivers.dir/__/__/Drivers/STM32WBxx_HAL_Driver/Src/stm32wbxx_hal_cortex.c.obj
 .debug_rnglists
                0x0000083b      0x1db cmake/stm32cubemx/CMakeFiles/STM32_Drivers.dir/__/__/Drivers/STM32WBxx_HAL_Driver/Src/stm32wbxx_hal.c.obj
 .debug_rnglists
                0x00000a16      0x32b cmake/stm32cubemx/CMakeFiles/STM32_Drivers.dir/__/__/Drivers/STM32WBxx_HAL_Driver/Src/stm32wbxx_hal_tim.c.obj
 .debug_rnglists
                0x00000d41      0x147 cmake/stm32cubemx/CMakeFiles/STM32_Drivers.dir/__/__/Drivers/STM32WBxx_HAL_Driver/Src/stm32wbxx_hal_tim_ex.c.obj
 .debug_rnglists
                0x00000e88       0x41 CMakeFiles/blink_pwm3.dir/Core/Src/main.c.obj
 .debug_rnglists
                0x00000ec9       0x55 CMakeFiles/blink_pwm3.dir/Core/Src/stm32wbxx_it.c.obj
 .debug_rnglists
                0x00000f1e       0x37 CMakeFiles/blink_pwm3.dir/Core/Src/stm32wbxx_hal_msp.c.obj
 .debug_rnglists
                0x00000f55       0x1f CMakeFiles/blink_pwm3.dir/startup_stm32wb55xx_cm4.s.obj
 .debug_rnglists
                0x00000f74       0x13 C:/Users/Jeff/AppData/Local/stm32cube/bundles/gnu-tools-for-stm32/14.3.1+st.2/bin/../lib/gcc/arm-none-eabi/14.3.1/../../../../arm-none-eabi/lib/thumb/v7e-m+fp/hard\libg_nano.a(libc_a-memset.o)
 .debug_rnglists
                0x00000f87       0x13 C:/Users/Jeff/AppData/Local/stm32cube/bundles/gnu-tools-for-stm32/14.3.1+st.2/bin/../lib/gcc/arm-none-eabi/14.3.1/../../../../arm-none-eabi/lib/thumb/v7e-m+fp/hard\libg_nano.a(libc_a-init.o)

.debug_macro    0x00000000    0x209d4
 .debug_macro   0x00000000      0x20e cmake/stm32cubemx/CMakeFiles/STM32_Drivers.dir/__/__/Core/Src/system_stm32wbxx.c.obj
 .debug_macro   0x0000020e      0xad8 cmake/stm32cubemx/CMakeFiles/STM32_Drivers.dir/__/__/Core/Src/system_stm32wbxx.c.obj
 .debug_macro   0x00000ce6       0x2e cmake/stm32cubemx/CMakeFiles/STM32_Drivers.dir/__/__/Core/Src/system_stm32wbxx.c.obj
 .debug_macro   0x00000d14       0x2e cmake/stm32cubemx/CMakeFiles/STM32_Drivers.dir/__/__/Core/Src/system_stm32wbxx.c.obj
 .debug_macro   0x00000d42       0x22 cmake/stm32cubemx/CMakeFiles/STM32_Drivers.dir/__/__/Core/Src/system_stm32wbxx.c.obj
 .debug_macro   0x00000d64       0x8e cmake/stm32cubemx/CMakeFiles/STM32_Drivers.dir/__/__/Core/Src/system_stm32wbxx.c.obj
 .debug_macro   0x00000df2       0x51 cmake/stm32cubemx/CMakeFiles/STM32_Drivers.dir/__/__/Core/Src/system_stm32wbxx.c.obj
 .debug_macro   0x00000e43      0x103 cmake/stm32cubemx/CMakeFiles/STM32_Drivers.dir/__/__/Core/Src/system_stm32wbxx.c.obj
 .debug_macro   0x00000f46       0x6a cmake/stm32cubemx/CMakeFiles/STM32_Drivers.dir/__/__/Core/Src/system_stm32wbxx.c.obj
 .debug_macro   0x00000fb0      0x1df cmake/stm32cubemx/CMakeFiles/STM32_Drivers.dir/__/__/Core/Src/system_stm32wbxx.c.obj
 .debug_macro   0x0000118f       0x1c cmake/stm32cubemx/CMakeFiles/STM32_Drivers.dir/__/__/Core/Src/system_stm32wbxx.c.obj
 .debug_macro   0x000011ab       0x22 cmake/stm32cubemx/CMakeFiles/STM32_Drivers.dir/__/__/Core/Src/system_stm32wbxx.c.obj
 .debug_macro   0x000011cd       0xfb cmake/stm32cubemx/CMakeFiles/STM32_Drivers.dir/__/__/Core/Src/system_stm32wbxx.c.obj
 .debug_macro   0x000012c8     0x1011 cmake/stm32cubemx/CMakeFiles/STM32_Drivers.dir/__/__/Core/Src/system_stm32wbxx.c.obj
 .debug_macro   0x000022d9      0x11f cmake/stm32cubemx/CMakeFiles/STM32_Drivers.dir/__/__/Core/Src/system_stm32wbxx.c.obj
 .debug_macro   0x000023f8    0x12adb cmake/stm32cubemx/CMakeFiles/STM32_Drivers.dir/__/__/Core/Src/system_stm32wbxx.c.obj
 .debug_macro   0x00014ed3       0x6c cmake/stm32cubemx/CMakeFiles/STM32_Drivers.dir/__/__/Core/Src/system_stm32wbxx.c.obj
 .debug_macro   0x00014f3f      0x12a cmake/stm32cubemx/CMakeFiles/STM32_Drivers.dir/__/__/Core/Src/system_stm32wbxx.c.obj
 .debug_macro   0x00015069     0x350b cmake/stm32cubemx/CMakeFiles/STM32_Drivers.dir/__/__/Core/Src/system_stm32wbxx.c.obj
 .debug_macro   0x00018574      0x190 cmake/stm32cubemx/CMakeFiles/STM32_Drivers.dir/__/__/Core/Src/system_stm32wbxx.c.obj
 .debug_macro   0x00018704       0x5c cmake/stm32cubemx/CMakeFiles/STM32_Drivers.dir/__/__/Core/Src/system_stm32wbxx.c.obj
 .debug_macro   0x00018760      0x3f5 cmake/stm32cubemx/CMakeFiles/STM32_Drivers.dir/__/__/Core/Src/system_stm32wbxx.c.obj
 .debug_macro   0x00018b55      0x286 cmake/stm32cubemx/CMakeFiles/STM32_Drivers.dir/__/__/Core/Src/system_stm32wbxx.c.obj
 .debug_macro   0x00018ddb      0x30d cmake/stm32cubemx/CMakeFiles/STM32_Drivers.dir/__/__/Core/Src/system_stm32wbxx.c.obj
 .debug_macro   0x000190e8      0x17e cmake/stm32cubemx/CMakeFiles/STM32_Drivers.dir/__/__/Core/Src/system_stm32wbxx.c.obj
 .debug_macro   0x00019266       0x43 cmake/stm32cubemx/CMakeFiles/STM32_Drivers.dir/__/__/Core/Src/system_stm32wbxx.c.obj
 .debug_macro   0x000192a9      0x236 cmake/stm32cubemx/CMakeFiles/STM32_Drivers.dir/__/__/Core/Src/system_stm32wbxx.c.obj
 .debug_macro   0x000194df      0x24a cmake/stm32cubemx/CMakeFiles/STM32_Drivers.dir/__/__/Core/Src/system_stm32wbxx.c.obj
 .debug_macro   0x00019729      0x57b cmake/stm32cubemx/CMakeFiles/STM32_Drivers.dir/__/__/Core/Src/system_stm32wbxx.c.obj
 .debug_macro   0x00019ca4       0x2e cmake/stm32cubemx/CMakeFiles/STM32_Drivers.dir/__/__/Core/Src/system_stm32wbxx.c.obj
 .debug_macro   0x00019cd2      0x100 cmake/stm32cubemx/CMakeFiles/STM32_Drivers.dir/__/__/Core/Src/system_stm32wbxx.c.obj
 .debug_macro   0x00019dd2      0x1ba cmake/stm32cubemx/CMakeFiles/STM32_Drivers.dir/__/__/Core/Src/system_stm32wbxx.c.obj
 .debug_macro   0x00019f8c      0x1cd cmake/stm32cubemx/CMakeFiles/STM32_Drivers.dir/__/__/Core/Src/system_stm32wbxx.c.obj
 .debug_macro   0x0001a159      0x381 cmake/stm32cubemx/CMakeFiles/STM32_Drivers.dir/__/__/Core/Src/system_stm32wbxx.c.obj
 .debug_macro   0x0001a4da      0x13d cmake/stm32cubemx/CMakeFiles/STM32_Drivers.dir/__/__/Core/Src/system_stm32wbxx.c.obj
 .debug_macro   0x0001a617      0x141 cmake/stm32cubemx/CMakeFiles/STM32_Drivers.dir/__/__/Core/Src/system_stm32wbxx.c.obj
 .debug_macro   0x0001a758      0x4ff cmake/stm32cubemx/CMakeFiles/STM32_Drivers.dir/__/__/Core/Src/system_stm32wbxx.c.obj
 .debug_macro   0x0001ac57      0x874 cmake/stm32cubemx/CMakeFiles/STM32_Drivers.dir/__/__/Core/Src/system_stm32wbxx.c.obj
 .debug_macro   0x0001b4cb      0x259 cmake/stm32cubemx/CMakeFiles/STM32_Drivers.dir/__/__/Core/Src/system_stm32wbxx.c.obj
 .debug_macro   0x0001b724     0x1bb1 cmake/stm32cubemx/CMakeFiles/STM32_Drivers.dir/__/__/Core/Src/system_stm32wbxx.c.obj
 .debug_macro   0x0001d2d5       0xd0 cmake/stm32cubemx/CMakeFiles/STM32_Drivers.dir/__/__/Core/Src/system_stm32wbxx.c.obj
 .debug_macro   0x0001d3a5      0x5e7 cmake/stm32cubemx/CMakeFiles/STM32_Drivers.dir/__/__/Core/Src/system_stm32wbxx.c.obj
 .debug_macro   0x0001d98c      0xac9 cmake/stm32cubemx/CMakeFiles/STM32_Drivers.dir/__/__/Core/Src/system_stm32wbxx.c.obj
 .debug_macro   0x0001e455      0x110 cmake/stm32cubemx/CMakeFiles/STM32_Drivers.dir/__/__/Core/Src/system_stm32wbxx.c.obj
 .debug_macro   0x0001e565      0x557 cmake/stm32cubemx/CMakeFiles/STM32_Drivers.dir/__/__/Core/Src/system_stm32wbxx.c.obj
 .debug_macro   0x0001eabc      0x433 cmake/stm32cubemx/CMakeFiles/STM32_Drivers.dir/__/__/Core/Src/system_stm32wbxx.c.obj
 .debug_macro   0x0001eeef      0x280 cmake/stm32cubemx/CMakeFiles/STM32_Drivers.dir/__/__/Drivers/STM32WBxx_HAL_Driver/Src/stm32wbxx_hal_rcc.c.obj
 .debug_macro   0x0001f16f      0x263 cmake/stm32cubemx/CMakeFiles/STM32_Drivers.dir/__/__/Drivers/STM32WBxx_HAL_Driver/Src/stm32wbxx_hal_rcc_ex.c.obj
 .debug_macro   0x0001f3d2      0x215 cmake/stm32cubemx/CMakeFiles/STM32_Drivers.dir/__/__/Drivers/STM32WBxx_HAL_Driver/Src/stm32wbxx_hal_gpio.c.obj
 .debug_macro   0x0001f5e7      0x280 cmake/stm32cubemx/CMakeFiles/STM32_Drivers.dir/__/__/Drivers/STM32WBxx_HAL_Driver/Src/stm32wbxx_hal_pwr.c.obj
 .debug_macro   0x0001f867      0x220 cmake/stm32cubemx/CMakeFiles/STM32_Drivers.dir/__/__/Drivers/STM32WBxx_HAL_Driver/Src/stm32wbxx_hal_pwr_ex.c.obj
 .debug_macro   0x0001fa87      0x20e cmake/stm32cubemx/CMakeFiles/STM32_Drivers.dir/__/__/Drivers/STM32WBxx_HAL_Driver/Src/stm32wbxx_hal_cortex.c.obj
 .debug_macro   0x0001fc95      0x232 cmake/stm32cubemx/CMakeFiles/STM32_Drivers.dir/__/__/Drivers/STM32WBxx_HAL_Driver/Src/stm32wbxx_hal.c.obj
 .debug_macro   0x0001fec7      0x216 cmake/stm32cubemx/CMakeFiles/STM32_Drivers.dir/__/__/Drivers/STM32WBxx_HAL_Driver/Src/stm32wbxx_hal_tim.c.obj
 .debug_macro   0x000200dd      0x21a cmake/stm32cubemx/CMakeFiles/STM32_Drivers.dir/__/__/Drivers/STM32WBxx_HAL_Driver/Src/stm32wbxx_hal_tim_ex.c.obj
 .debug_macro   0x000202f7      0x21d CMakeFiles/blink_pwm3.dir/Core/Src/main.c.obj
 .debug_macro   0x00020514       0x7c CMakeFiles/blink_pwm3.dir/Core/Src/main.c.obj
 .debug_macro   0x00020590      0x227 CMakeFiles/blink_pwm3.dir/Core/Src/stm32wbxx_it.c.obj
 .debug_macro   0x000207b7      0x21d CMakeFiles/blink_pwm3.dir/Core/Src/stm32wbxx_hal_msp.c.obj

.debug_line     0x00000000    0x10918
 .debug_line    0x00000000      0x93d cmake/stm32cubemx/CMakeFiles/STM32_Drivers.dir/__/__/Core/Src/system_stm32wbxx.c.obj
 .debug_line    0x0000093d     0x1ba1 cmake/stm32cubemx/CMakeFiles/STM32_Drivers.dir/__/__/Drivers/STM32WBxx_HAL_Driver/Src/stm32wbxx_hal_rcc.c.obj
 .debug_line    0x000024de     0x205a cmake/stm32cubemx/CMakeFiles/STM32_Drivers.dir/__/__/Drivers/STM32WBxx_HAL_Driver/Src/stm32wbxx_hal_rcc_ex.c.obj
 .debug_line    0x00004538      0xcb1 cmake/stm32cubemx/CMakeFiles/STM32_Drivers.dir/__/__/Drivers/STM32WBxx_HAL_Driver/Src/stm32wbxx_hal_gpio.c.obj
 .debug_line    0x000051e9      0xb27 cmake/stm32cubemx/CMakeFiles/STM32_Drivers.dir/__/__/Drivers/STM32WBxx_HAL_Driver/Src/stm32wbxx_hal_pwr.c.obj
 .debug_line    0x00005d10     0x1229 cmake/stm32cubemx/CMakeFiles/STM32_Drivers.dir/__/__/Drivers/STM32WBxx_HAL_Driver/Src/stm32wbxx_hal_pwr_ex.c.obj
 .debug_line    0x00006f39      0xdea cmake/stm32cubemx/CMakeFiles/STM32_Drivers.dir/__/__/Drivers/STM32WBxx_HAL_Driver/Src/stm32wbxx_hal_cortex.c.obj
 .debug_line    0x00007d23     0x1107 cmake/stm32cubemx/CMakeFiles/STM32_Drivers.dir/__/__/Drivers/STM32WBxx_HAL_Driver/Src/stm32wbxx_hal.c.obj
 .debug_line    0x00008e2a     0x3d4f cmake/stm32cubemx/CMakeFiles/STM32_Drivers.dir/__/__/Drivers/STM32WBxx_HAL_Driver/Src/stm32wbxx_hal_tim.c.obj
 .debug_line    0x0000cb79     0x1c9a cmake/stm32cubemx/CMakeFiles/STM32_Drivers.dir/__/__/Drivers/STM32WBxx_HAL_Driver/Src/stm32wbxx_hal_tim_ex.c.obj
 .debug_line    0x0000e813      0xacd CMakeFiles/blink_pwm3.dir/Core/Src/main.c.obj
 .debug_line    0x0000f2e0      0x981 CMakeFiles/blink_pwm3.dir/Core/Src/stm32wbxx_it.c.obj
 .debug_line    0x0000fc61      0x94e CMakeFiles/blink_pwm3.dir/Core/Src/stm32wbxx_hal_msp.c.obj
 .debug_line    0x000105af       0x83 CMakeFiles/blink_pwm3.dir/startup_stm32wb55xx_cm4.s.obj
 .debug_line    0x00010632      0x17e C:/Users/Jeff/AppData/Local/stm32cube/bundles/gnu-tools-for-stm32/14.3.1+st.2/bin/../lib/gcc/arm-none-eabi/14.3.1/../../../../arm-none-eabi/lib/thumb/v7e-m+fp/hard\libg_nano.a(libc_a-memset.o)
 .debug_line    0x000107b0      0x168 C:/Users/Jeff/AppData/Local/stm32cube/bundles/gnu-tools-for-stm32/14.3.1+st.2/bin/../lib/gcc/arm-none-eabi/14.3.1/../../../../arm-none-eabi/lib/thumb/v7e-m+fp/hard\libg_nano.a(libc_a-init.o)

.debug_str      0x00000000    0xd721e
 .debug_str     0x00000000    0xd721e cmake/stm32cubemx/CMakeFiles/STM32_Drivers.dir/__/__/Core/Src/system_stm32wbxx.c.obj
                              0xd18a9 (size before relaxing)
 .debug_str     0x000d721e    0xd2707 cmake/stm32cubemx/CMakeFiles/STM32_Drivers.dir/__/__/Drivers/STM32WBxx_HAL_Driver/Src/stm32wbxx_hal_rcc.c.obj
 .debug_str     0x000d721e    0xd2b30 cmake/stm32cubemx/CMakeFiles/STM32_Drivers.dir/__/__/Drivers/STM32WBxx_HAL_Driver/Src/stm32wbxx_hal_rcc_ex.c.obj
 .debug_str     0x000d721e    0xd1883 cmake/stm32cubemx/CMakeFiles/STM32_Drivers.dir/__/__/Drivers/STM32WBxx_HAL_Driver/Src/stm32wbxx_hal_gpio.c.obj
 .debug_str     0x000d721e    0xd1d19 cmake/stm32cubemx/CMakeFiles/STM32_Drivers.dir/__/__/Drivers/STM32WBxx_HAL_Driver/Src/stm32wbxx_hal_pwr.c.obj
 .debug_str     0x000d721e    0xd221a cmake/stm32cubemx/CMakeFiles/STM32_Drivers.dir/__/__/Drivers/STM32WBxx_HAL_Driver/Src/stm32wbxx_hal_pwr_ex.c.obj
 .debug_str     0x000d721e    0xd1f47 cmake/stm32cubemx/CMakeFiles/STM32_Drivers.dir/__/__/Drivers/STM32WBxx_HAL_Driver/Src/stm32wbxx_hal_cortex.c.obj
 .debug_str     0x000d721e    0xd278f cmake/stm32cubemx/CMakeFiles/STM32_Drivers.dir/__/__/Drivers/STM32WBxx_HAL_Driver/Src/stm32wbxx_hal.c.obj
 .debug_str     0x000d721e    0xd2c25 cmake/stm32cubemx/CMakeFiles/STM32_Drivers.dir/__/__/Drivers/STM32WBxx_HAL_Driver/Src/stm32wbxx_hal_tim.c.obj
 .debug_str     0x000d721e    0xd2697 cmake/stm32cubemx/CMakeFiles/STM32_Drivers.dir/__/__/Drivers/STM32WBxx_HAL_Driver/Src/stm32wbxx_hal_tim_ex.c.obj
 .debug_str     0x000d721e    0xd2bfb CMakeFiles/blink_pwm3.dir/Core/Src/main.c.obj
 .debug_str     0x000d721e    0xd187c CMakeFiles/blink_pwm3.dir/Core/Src/stm32wbxx_it.c.obj
 .debug_str     0x000d721e    0xd20f9 CMakeFiles/blink_pwm3.dir/Core/Src/stm32wbxx_hal_msp.c.obj
 .debug_str     0x000d721e       0xbe CMakeFiles/blink_pwm3.dir/startup_stm32wb55xx_cm4.s.obj
 .debug_str     0x000d721e      0x211 C:/Users/Jeff/AppData/Local/stm32cube/bundles/gnu-tools-for-stm32/14.3.1+st.2/bin/../lib/gcc/arm-none-eabi/14.3.1/../../../../arm-none-eabi/lib/thumb/v7e-m+fp/hard\libg_nano.a(libc_a-memset.o)
 .debug_str     0x000d721e      0x272 C:/Users/Jeff/AppData/Local/stm32cube/bundles/gnu-tools-for-stm32/14.3.1+st.2/bin/../lib/gcc/arm-none-eabi/14.3.1/../../../../arm-none-eabi/lib/thumb/v7e-m+fp/hard\libg_nano.a(libc_a-init.o)

.comment        0x00000000       0x43
 .comment       0x00000000       0x43 cmake/stm32cubemx/CMakeFiles/STM32_Drivers.dir/__/__/Core/Src/system_stm32wbxx.c.obj
                                 0x44 (size before relaxing)
 .comment       0x00000043       0x44 cmake/stm32cubemx/CMakeFiles/STM32_Drivers.dir/__/__/Drivers/STM32WBxx_HAL_Driver/Src/stm32wbxx_hal_rcc.c.obj
 .comment       0x00000043       0x44 cmake/stm32cubemx/CMakeFiles/STM32_Drivers.dir/__/__/Drivers/STM32WBxx_HAL_Driver/Src/stm32wbxx_hal_rcc_ex.c.obj
 .comment       0x00000043       0x44 cmake/stm32cubemx/CMakeFiles/STM32_Drivers.dir/__/__/Drivers/STM32WBxx_HAL_Driver/Src/stm32wbxx_hal_gpio.c.obj
 .comment       0x00000043       0x44 cmake/stm32cubemx/CMakeFiles/STM32_Drivers.dir/__/__/Drivers/STM32WBxx_HAL_Driver/Src/stm32wbxx_hal_pwr.c.obj
 .comment       0x00000043       0x44 cmake/stm32cubemx/CMakeFiles/STM32_Drivers.dir/__/__/Drivers/STM32WBxx_HAL_Driver/Src/stm32wbxx_hal_pwr_ex.c.obj
 .comment       0x00000043       0x44 cmake/stm32cubemx/CMakeFiles/STM32_Drivers.dir/__/__/Drivers/STM32WBxx_HAL_Driver/Src/stm32wbxx_hal_cortex.c.obj
 .comment       0x00000043       0x44 cmake/stm32cubemx/CMakeFiles/STM32_Drivers.dir/__/__/Drivers/STM32WBxx_HAL_Driver/Src/stm32wbxx_hal.c.obj
 .comment       0x00000043       0x44 cmake/stm32cubemx/CMakeFiles/STM32_Drivers.dir/__/__/Drivers/STM32WBxx_HAL_Driver/Src/stm32wbxx_hal_tim.c.obj
 .comment       0x00000043       0x44 cmake/stm32cubemx/CMakeFiles/STM32_Drivers.dir/__/__/Drivers/STM32WBxx_HAL_Driver/Src/stm32wbxx_hal_tim_ex.c.obj
 .comment       0x00000043       0x44 CMakeFiles/blink_pwm3.dir/Core/Src/main.c.obj
 .comment       0x00000043       0x44 CMakeFiles/blink_pwm3.dir/Core/Src/stm32wbxx_it.c.obj
 .comment       0x00000043       0x44 CMakeFiles/blink_pwm3.dir/Core/Src/stm32wbxx_hal_msp.c.obj
 .comment       0x00000043       0x44 C:/Users/Jeff/AppData/Local/stm32cube/bundles/gnu-tools-for-stm32/14.3.1+st.2/bin/../lib/gcc/arm-none-eabi/14.3.1/../../../../arm-none-eabi/lib/thumb/v7e-m+fp/hard\libg_nano.a(libc_a-memset.o)
 .comment       0x00000043       0x44 C:/Users/Jeff/AppData/Local/stm32cube/bundles/gnu-tools-for-stm32/14.3.1+st.2/bin/../lib/gcc/arm-none-eabi/14.3.1/../../../../arm-none-eabi/lib/thumb/v7e-m+fp/hard\libg_nano.a(libc_a-init.o)

.debug_frame    0x00000000     0x4f04
 .debug_frame   0x00000000       0x50 cmake/stm32cubemx/CMakeFiles/STM32_Drivers.dir/__/__/Core/Src/system_stm32wbxx.c.obj
 .debug_frame   0x00000050      0x91c cmake/stm32cubemx/CMakeFiles/STM32_Drivers.dir/__/__/Drivers/STM32WBxx_HAL_Driver/Src/stm32wbxx_hal_rcc.c.obj
 .debug_frame   0x0000096c      0xdf8 cmake/stm32cubemx/CMakeFiles/STM32_Drivers.dir/__/__/Drivers/STM32WBxx_HAL_Driver/Src/stm32wbxx_hal_rcc_ex.c.obj
 .debug_frame   0x00001764      0x154 cmake/stm32cubemx/CMakeFiles/STM32_Drivers.dir/__/__/Drivers/STM32WBxx_HAL_Driver/Src/stm32wbxx_hal_gpio.c.obj
 .debug_frame   0x000018b8      0x2f4 cmake/stm32cubemx/CMakeFiles/STM32_Drivers.dir/__/__/Drivers/STM32WBxx_HAL_Driver/Src/stm32wbxx_hal_pwr.c.obj
 .debug_frame   0x00001bac      0x9e8 cmake/stm32cubemx/CMakeFiles/STM32_Drivers.dir/__/__/Drivers/STM32WBxx_HAL_Driver/Src/stm32wbxx_hal_pwr_ex.c.obj
 .debug_frame   0x00002594      0x454 cmake/stm32cubemx/CMakeFiles/STM32_Drivers.dir/__/__/Drivers/STM32WBxx_HAL_Driver/Src/stm32wbxx_hal_cortex.c.obj
 .debug_frame   0x000029e8      0x96c cmake/stm32cubemx/CMakeFiles/STM32_Drivers.dir/__/__/Drivers/STM32WBxx_HAL_Driver/Src/stm32wbxx_hal.c.obj
 .debug_frame   0x00003354     0x1144 cmake/stm32cubemx/CMakeFiles/STM32_Drivers.dir/__/__/Drivers/STM32WBxx_HAL_Driver/Src/stm32wbxx_hal_tim.c.obj
 .debug_frame   0x00004498      0x6b4 cmake/stm32cubemx/CMakeFiles/STM32_Drivers.dir/__/__/Drivers/STM32WBxx_HAL_Driver/Src/stm32wbxx_hal_tim_ex.c.obj
 .debug_frame   0x00004b4c      0x11c CMakeFiles/blink_pwm3.dir/Core/Src/main.c.obj
 .debug_frame   0x00004c68      0x14c CMakeFiles/blink_pwm3.dir/Core/Src/stm32wbxx_it.c.obj
 .debug_frame   0x00004db4      0x104 CMakeFiles/blink_pwm3.dir/Core/Src/stm32wbxx_hal_msp.c.obj
 .debug_frame   0x00004eb8       0x20 C:/Users/Jeff/AppData/Local/stm32cube/bundles/gnu-tools-for-stm32/14.3.1+st.2/bin/../lib/gcc/arm-none-eabi/14.3.1/../../../../arm-none-eabi/lib/thumb/v7e-m+fp/hard\libg_nano.a(libc_a-memset.o)
 .debug_frame   0x00004ed8       0x2c C:/Users/Jeff/AppData/Local/stm32cube/bundles/gnu-tools-for-stm32/14.3.1+st.2/bin/../lib/gcc/arm-none-eabi/14.3.1/../../../../arm-none-eabi/lib/thumb/v7e-m+fp/hard\libg_nano.a(libc_a-init.o)

.debug_line_str
                0x00000000       0xa2
 .debug_line_str
                0x00000000       0xa2 CMakeFiles/blink_pwm3.dir/startup_stm32wb55xx_cm4.s.obj

.debug_loclists
                0x00000000       0xa1
 .debug_loclists
                0x00000000       0x4d C:/Users/Jeff/AppData/Local/stm32cube/bundles/gnu-tools-for-stm32/14.3.1+st.2/bin/../lib/gcc/arm-none-eabi/14.3.1/../../../../arm-none-eabi/lib/thumb/v7e-m+fp/hard\libg_nano.a(libc_a-memset.o)
 .debug_loclists
                0x0000004d       0x54 C:/Users/Jeff/AppData/Local/stm32cube/bundles/gnu-tools-for-stm32/14.3.1+st.2/bin/../lib/gcc/arm-none-eabi/14.3.1/../../../../arm-none-eabi/lib/thumb/v7e-m+fp/hard\libg_nano.a(libc_a-init.o)
